#
# A fatal error has been detected by the Java Runtime Environment:
#
#  EXCEPTION_ACCESS_VIOLATION (0xc0000005) at pc=0x00007ffeaab7e349, pid=6880, tid=7032
#
# JRE version: OpenJDK Runtime Environment (25.0.1+8) (build 25.0.1+8-27)
# Java VM: OpenJDK 64-Bit Server VM (25.0.1+8-27, mixed mode, sharing, tiered, compressed oops, compressed class ptrs, g1 gc, windows-amd64)
# Problematic frame:
# C  [awt.dll+0xde349]
#
# No core dump will be written. Minidumps are not enabled by default on client versions of Windows
#
# If you would like to submit a bug report, please visit:
#   https://bugreport.java.com/bugreport/crash.jsp
# The crash happened outside the Java Virtual Machine in native code.
# See problematic frame for where to report the bug.
#

---------------  S U M M A R Y ------------

Command Line: -javaagent:C:\Program Files\JetBrains\IntelliJ IDEA Community Edition 2025.2.4\lib\idea_rt.jar=59085 -Dfile.encoding=UTF-8 -Dsun.stdout.encoding=UTF-8 -Dsun.stderr.encoding=UTF-8 FileExporter

Host: AMD Ryzen 5 7235HS                             , 8 cores, 15G,  Windows 11 , 64 bit Build 26100 (10.0.26100.7309)
Time: Mon Jan  5 13:50:47 2026 SE Asia Standard Time elapsed time: 10162.506718 seconds (0d 2h 49m 22s)

---------------  T H R E A D  ---------------

Current thread (0x0000022a048187a0):  JavaThread "AWT-EventQueue-0"        [_thread_in_native, id=7032, stack(0x000000507ae00000,0x000000507af00000) (1024K)]

Stack: [0x000000507ae00000,0x000000507af00000],  sp=0x000000507aefebf0,  free space=1018k
Native frames: (J=compiled Java code, j=interpreted, Vv=VM code, C=native code)
C  [awt.dll+0xde349]  (no source info available)
C  [awt.dll+0xdd6e2]  (no source info available)
C  0x0000022a7475d193  (no source info available)

The last pc belongs to native method entry point (kind = native) (printed below).
Java frames: (J=compiled Java code, j=interpreted, Vv=VM code)
j  sun.awt.Win32GraphicsConfig.getBounds(I)Ljava/awt/Rectangle;+0 java.desktop@25.0.1
j  sun.awt.Win32GraphicsConfig.getBounds()Ljava/awt/Rectangle;+8 java.desktop@25.0.1
j  sun.awt.Win32GraphicsDevice.displayChanged()V+23 java.desktop@25.0.1
j  sun.java2d.d3d.D3DGraphicsDevice.displayChanged()V+1 java.desktop@25.0.1
j  sun.awt.Win32GraphicsEnvironment.displayChanged()V+271 java.desktop@25.0.1
j  sun.awt.windows.WToolkit.lambda$displayChanged$0()V+15 java.desktop@25.0.1
j  sun.awt.windows.WToolkit$$Lambda+0x0000000081060d08.run()V+0 java.desktop@25.0.1
j  java.awt.event.InvocationEvent.dispatch()V+47 java.desktop@25.0.1
j  java.awt.EventQueue.dispatchEventImpl(Ljava/awt/AWTEvent;Ljava/lang/Object;)V+21 java.desktop@25.0.1
j  java.awt.EventQueue.dispatchEvent(Ljava/awt/AWTEvent;)V+22 java.desktop@25.0.1
j  java.awt.EventDispatchThread.pumpOneEventForFilters(I)V+81 java.desktop@25.0.1
j  java.awt.EventDispatchThread.pumpEventsForFilter(ILjava/awt/Conditional;Ljava/awt/EventFilter;)V+35 java.desktop@25.0.1
j  java.awt.EventDispatchThread.pumpEventsForHierarchy(ILjava/awt/Conditional;Ljava/awt/Component;)V+11 java.desktop@25.0.1
j  java.awt.EventDispatchThread.pumpEvents(ILjava/awt/Conditional;)V+4 java.desktop@25.0.1
j  java.awt.EventDispatchThread.pumpEvents(Ljava/awt/Conditional;)V+3 java.desktop@25.0.1
j  java.awt.EventDispatchThread.run()V+9 java.desktop@25.0.1
v  ~StubRoutines::call_stub 0x0000022a747512ed

siginfo: EXCEPTION_ACCESS_VIOLATION (0xc0000005), reading address 0x0000000000000028


Registers:
RAX=0x0000000000000000, RBX=0x0000022a045f3bc0, RCX=0x0000000000000000, RDX=0x0000000000000000
RSP=0x000000507aefebf0, RBP=0x0000000000000000, RSI=0x0000000000000000, RDI=0x0000000000000000
R8 =0x0000000000000001, R9 =0x00000050791ce000, R10=0x0000022a052d43d8, R11=0x0000000000000004
R12=0x0000000000000000, R13=0x0000022a048c1310, R14=0x0000022a092bc340, R15=0x0000000000000000
RIP=0x00007ffeaab7e349, EFLAGS=0x0000000000010246

XMM[0]=0x0000000000000000 0x0000000000000000
XMM[1]=0x0000000000000000 0x000000507aefecc0
XMM[2]=0x0000000000000000 0x0000000000000000
XMM[3]=0x0000000000000000 0x0000000000000000
XMM[4]=0x0000000000000000 0x0000000000000000
XMM[5]=0x0000000000000000 0x0000000000000000
XMM[6]=0x0000000000000000 0x0000000000000000
XMM[7]=0x0000000000000000 0x0000000000000000
XMM[8]=0x0000000000000000 0x0000000000000000
XMM[9]=0x0000000000000000 0x0000000000000000
XMM[10]=0x0000000000000000 0x0000000000000000
XMM[11]=0x0000000000000000 0x0000000000000000
XMM[12]=0x0000000000000000 0x0000000000000000
XMM[13]=0x0000000000000000 0x0000000000000000
XMM[14]=0x0000000000000000 0x0000000000000000
XMM[15]=0x0000000000000000 0x0000000000000000
  MXCSR=0x00001fa4


Register to memory mapping:

RAX=0x0 is null
RBX=0x0000022a045f3bc0 points into unknown readable memory: 0x0000022a0da1dcf0 | f0 dc a1 0d 2a 02 00 00
RCX=0x0 is null
RDX=0x0 is null
RSP=0x000000507aefebf0 is pointing into the stack for thread: 0x0000022a048187a0
RBP=0x0 is null
RSI=0x0 is null
RDI=0x0 is null
R8 =0x0000000000000001 is an unknown value
R9 =0x00000050791ce000 points into unknown readable memory: 0x0000000000000000 | 00 00 00 00 00 00 00 00
R10={method} {0x0000022a052d43e0} '<init>' '(IIII)V' in 'java/awt/Rectangle'
R11=0x0000000000000004 is an unknown value
R12=0x0 is null
R13=0x0000022a048c1310 points into unknown readable memory: 0x0000022a052d43d8 | d8 43 2d 05 2a 02 00 00
R14=0x0000022a092bc340 points into unknown readable memory: 0x000000071454d340 | 40 d3 54 14 07 00 00 00
R15=0x0 is null

Top of Stack: (sp=0x000000507aefebf0)
0x000000507aefebf0:   00007ffeaabdc838 0000022a045f3bc0   8........;_.*...
0x000000507aefec00:   0000022a092bc340 0000022a045f3bc0   @.+.*....;_.*...
0x000000507aefec10:   0000022a04818be8 00007ffeaab7d6e2   ....*...........
0x000000507aefec20:   0000022a045f3bc0 0000022a045f3bc0   .;_.*....;_.*...
0x000000507aefec30:   0000000000000000 0000000000000000   ................
0x000000507aefec40:   000000071454c930 0000022a052cb2d8   0.T.......,.*...
0x000000507aefec50:   0000000000000000 000000507aefec70   ........p..zP...
0x000000507aefec60:   0000000000000000 0000000000000000   ................
0x000000507aefec70:   000097fc38a36494 000000071454ab10   .d.8......T.....
0x000000507aefec80:   0000022a048187a0 000000507aefed68   ....*...h..zP...
0x000000507aefec90:   0000022a052cbb50 0000000000000000   P.,.*...........
0x000000507aefeca0:   0000022a74758c60 0000022a0502d110   `.ut*.......*...
0x000000507aefecb0:   000000507aefed40 0000022a7475d193   @..zP.....ut*...
0x000000507aefecc0:   0000022a052cb1e8 0000022a052cbb50   ..,.*...P.,.*...
0x000000507aefecd0:   000000507aefece8 000000507aefed48   ...zP...H..zP...
0x000000507aefece0:   0000022a74758cb2 0000000000000000   ..ut*...........
0x000000507aefecf0:   000000071433f6b8 fffffffffffffff7   ..3.............
0x000000507aefed00:   0000000000000000 0000000000000005   ................
0x000000507aefed10:   0000022a052ce670 0000000000000000   p.,.*...........
0x000000507aefed20:   000000071454c930 0000022a052cbb50   0.T.....P.,.*...
0x000000507aefed30:   0000000000000000 000000507aefed60   ........`..zP...
0x000000507aefed40:   000000507aefedb8 0000022a74758cb2   ...zP.....ut*...
0x000000507aefed50:   0000000000000000 0000022a7475a75a   ........Z.ut*...
0x000000507aefed60:   0000000000000000 000000071433f6b8   ..........3.....
0x000000507aefed70:   fffffffffffffff7 0000022a052cbbf8   ..........,.*...
0x000000507aefed80:   0000000000000002 0000022a052ce670   ........p.,.*...
0x000000507aefed90:   0000000000000000 000000071454c930   ........0.T.....
0x000000507aefeda0:   0000022a052cbc10 fffffffffffffff5   ..,.*...........
0x000000507aefedb0:   000000507aefedc8 000000507aefee18   ...zP......zP...
0x000000507aefedc0:   0000022a74758cb2 000000071433f6b8   ..ut*.....3.....
0x000000507aefedd0:   fffffffffffffff7 0000022a0526c6af   ..........&.*...
0x000000507aefede0:   0000000000000003 0000022a0526de30   ........0.&.*...

Instructions: (pc=0x00007ffeaab7e349)
  0x00007ffeaab7e249:   cc cc cc cc cc cc cc 48 89 5c 24 08 48 89 6c 24
  0x00007ffeaab7e259:   10 48 89 74 24 18 57 48 83 ec 20 41 8b f8 0f b6
  0x00007ffeaab7e269:   f2 48 8b e9 e8 3e a1 f4 ff 48 8b d8 48 89 44 24
  0x00007ffeaab7e279:   48 41 b8 01 00 00 00 8b d7 48 8b c8 e8 96 a0 f4
  0x00007ffeaab7e289:   ff 48 8b c8 44 0f b6 c6 48 8b d5 e8 77 fa ff ff
  0x00007ffeaab7e299:   48 8b f8 48 8b cb e8 cc a2 f4 ff 90 48 8b c7 48
  0x00007ffeaab7e2a9:   8b 5c 24 30 48 8b 6c 24 38 48 8b 74 24 40 48 83
  0x00007ffeaab7e2b9:   c4 20 5f c3 cc cc cc 48 8b 49 28 e9 17 07 00 00
  0x00007ffeaab7e2c9:   cc cc cc cc cc cc cc 48 89 5c 24 08 57 48 83 ec
  0x00007ffeaab7e2d9:   20 8b f9 e8 cf a0 f4 ff 48 8b d8 48 89 44 24 38
  0x00007ffeaab7e2e9:   41 b8 01 00 00 00 8b d7 48 8b c8 e8 27 a0 f4 ff
  0x00007ffeaab7e2f9:   48 8b 08 8b 39 48 8b cb e8 6a a2 f4 ff 90 8b c7
  0x00007ffeaab7e309:   48 8b 5c 24 30 48 83 c4 20 5f c3 cc cc cc cc cc
  0x00007ffeaab7e319:   cc cc cc cc cc cc cc 48 89 5c 24 08 57 48 83 ec
  0x00007ffeaab7e329:   20 8b f9 e8 7f a0 f4 ff 48 8b d8 48 89 44 24 38
  0x00007ffeaab7e339:   41 b8 01 00 00 00 8b d7 48 8b c8 e8 d7 9f f4 ff
=>0x00007ffeaab7e349:   48 8b 78 28 48 8b cb e8 1b a2 f4 ff 90 48 8b c7
  0x00007ffeaab7e359:   48 8b 5c 24 30 48 83 c4 20 5f c3 cc cc cc cc cc
  0x00007ffeaab7e369:   cc cc cc cc cc cc cc 48 89 5c 24 08 57 48 83 ec
  0x00007ffeaab7e379:   20 8b f9 e8 2f a0 f4 ff 48 8b d8 48 89 44 24 38
  0x00007ffeaab7e389:   41 b8 01 00 00 00 8b d7 48 8b c8 e8 87 9f f4 ff
  0x00007ffeaab7e399:   48 8b 78 30 48 8b cb e8 cb a1 f4 ff 90 48 8b c7
  0x00007ffeaab7e3a9:   48 8b 5c 24 30 48 83 c4 20 5f c3 cc cc cc cc cc
  0x00007ffeaab7e3b9:   cc cc cc cc cc cc cc 48 89 5c 24 08 57 48 83 ec
  0x00007ffeaab7e3c9:   20 8b f9 e8 df 9f f4 ff 48 8b d8 48 89 44 24 38
  0x00007ffeaab7e3d9:   41 b8 01 00 00 00 8b d7 48 8b c8 e8 37 9f f4 ff
  0x00007ffeaab7e3e9:   48 8b 78 08 48 85 ff 74 07 48 8b bf 08 0c 00 00
  0x00007ffeaab7e3f9:   48 8b cb e8 6f a1 f4 ff 90 48 8b c7 48 8b 5c 24
  0x00007ffeaab7e409:   30 48 83 c4 20 5f c3 f3 0f 10 41 48 c3 cc cc cc
  0x00007ffeaab7e419:   cc cc cc cc cc cc cc f3 0f 10 41 4c c3 cc cc cc
  0x00007ffeaab7e429:   cc cc cc cc cc cc cc 48 89 5c 24 10 48 89 74 24
  0x00007ffeaab7e439:   18 55 57 41 56 48 8d 6c 24 e0 48 81 ec 20 01 00


Stack slot to memory mapping:

stack at sp + 0 slots: 0x00007ffeaabdc838 awt.dll
stack at sp + 1 slots: 0x0000022a045f3bc0 points into unknown readable memory: 0x0000022a0da1dcf0 | f0 dc a1 0d 2a 02 00 00
stack at sp + 2 slots: 0x0000022a092bc340 points into unknown readable memory: 0x000000071454d340 | 40 d3 54 14 07 00 00 00
stack at sp + 3 slots: 0x0000022a045f3bc0 points into unknown readable memory: 0x0000022a0da1dcf0 | f0 dc a1 0d 2a 02 00 00
stack at sp + 4 slots: 0x0000022a04818be8 points into unknown readable memory: 0x00007ffe3d7a6b50 | 50 6b 7a 3d fe 7f 00 00
stack at sp + 5 slots: 0x00007ffeaab7d6e2 awt.dll
stack at sp + 6 slots: 0x0000022a045f3bc0 points into unknown readable memory: 0x0000022a0da1dcf0 | f0 dc a1 0d 2a 02 00 00
stack at sp + 7 slots: 0x0000022a045f3bc0 points into unknown readable memory: 0x0000022a0da1dcf0 | f0 dc a1 0d 2a 02 00 00

Lock stack of current Java thread (top to bottom):

native method entry point (kind = native)  [0x0000022a7475cdc0, 0x0000022a7475d8b8]  2808 bytes
[MachCode]
  0x0000022a7475cdc0: 488b 4b08 | 0fb7 492e | 584c 8d74 | ccf8 6800 | 0000 0068 | 0000 0000 | 5055 488b | ec41 5548 
  0x0000022a7475cde0: 8b43 084c | 8d68 3848 | 8b40 0868 | 0000 0000 | 5348 8b50 | 1848 8b52 | 7048 8b12 | 5248 8b53 
  0x0000022a7475ce00: 1048 85d2 | 7407 4881 | c2d0 0000 | 0052 488b | 5010 5249 | 8bc6 482b | c548 c1e8 | 0350 6800 
  0x0000022a7475ce20: 0000 0068 | f7ff ffff | 41c6 87f1 | 0400 0001 | 488b 4310 | 4885 c074 | 208b 8890 | 0000 0083 
  0x0000022a7475ce40: c102 8988 | 9000 0000 | 2388 a400 | 0000 0f84 | b209 0000 | e9cf 0000 | 0048 8b43 | 1848 85c0 
  0x0000022a7475ce60: 0f85 b000 | 0000 e805 | 0000 00e9 | 9900 0000 | 488b d348 | 8d44 2408 | 4c89 6dc0 | 498b cfc5 
  0x0000022a7475ce80: f877 4989 | af38 0400 | 0049 8987 | 2804 0000 | 4883 ec20 | 40f6 c40f | 0f84 1900 | 0000 4883 
  0x0000022a7475cea0: ec08 48b8 | 401f f33c | fe7f 0000 | ffd0 4883 | c408 e90c | 0000 0048 | b840 1ff3 | 3cfe 7f00 
  0x0000022a7475cec0: 00ff d048 | 83c4 2049 | c787 2804 | 0000 0000 | 0000 49c7 | 8738 0400 | 0000 0000 | 0049 c787 
  0x0000022a7475cee0: 3004 0000 | 0000 0000 | c5f8 7749 | 837f 0800 | 0f84 0500 | 0000 e9e5 | 42ff ff4c | 8b6d c04c 
  0x0000022a7475cf00: 8b75 c84e | 8d74 f500 | c348 8b43 | 1848 85c0 | 0f84 1200 | 0000 8b48 | 0883 c102 | 8948 0823 
  0x0000022a7475cf20: 482c 0f84 | de08 0000 | 493b a770 | 0500 000f | 8748 0000 | 0089 8424 | 00f0 ffff | 8984 2400 
  0x0000022a7475cf40: e0ff ff89 | 8424 00d0 | ffff 8984 | 2400 c0ff | ff89 8424 | 00b0 ffff | 8984 2400 | a0ff ff89 
  0x0000022a7475cf60: 8424 0090 | ffff 8984 | 2400 80ff | ff49 3ba7 | 6805 0000 | 7607 4989 | a770 0500 | 0041 c687 
  0x0000022a7475cf80: f104 0000 | 0048 8b5d | e84c 8b5b | 0845 0fb7 | 5b2e 41c1 | e303 492b | e348 83ec | 2048 83e4 
  0x0000022a7475cfa0: f04c 8b5b | 604d 85db | 0f85 ab00 | 0000 e805 | 0000 00e9 | 9900 0000 | 488b d348 | 8d44 2408 
  0x0000022a7475cfc0: 4c89 6dc0 | 498b cfc5 | f877 4989 | af38 0400 | 0049 8987 | 2804 0000 | 4883 ec20 | 40f6 c40f 
  0x0000022a7475cfe0: 0f84 1900 | 0000 4883 | ec08 48b8 | 7048 f33c | fe7f 0000 | ffd0 4883 | c408 e90c | 0000 0048 
  0x0000022a7475d000: b870 48f3 | 3cfe 7f00 | 00ff d048 | 83c4 2049 | c787 2804 | 0000 0000 | 0000 49c7 | 8738 0400 
  0x0000022a7475d020: 0000 0000 | 0049 c787 | 3004 0000 | 0000 0000 | c5f8 7749 | 837f 0800 | 0f84 0500 | 0000 e99d 
  0x0000022a7475d040: 41ff ff4c | 8b6d c04c | 8b75 c84e | 8d74 f500 | c348 8b5d | e84c 8b5b | 6041 ffd3 | 488b 5de8 
  0x0000022a7475d060: 4889 4518 | 440f b75b | 2c41 f6c3 | 080f 841b | 0000 004c | 8b5b 084d | 8b5b 084d | 8b5b 184d 
  0x0000022a7475d080: 8b5b 704d | 8b1b 4c89 | 5d10 488d | 5510 488b | 4358 49ba | a00f 2e3d | fe7f 0000 | 493b c20f 
  0x0000022a7475d0a0: 85ab 0000 | 00e8 0500 | 0000 e999 | 0000 0048 | 8bd3 488d | 4424 084c | 896d c049 | 8bcf c5f8 
  0x0000022a7475d0c0: 7749 89af | 3804 0000 | 4989 8728 | 0400 0048 | 83ec 2040 | f6c4 0f0f | 8419 0000 | 0048 83ec 
  0x0000022a7475d0e0: 0848 b870 | 48f3 3cfe | 7f00 00ff | d048 83c4 | 08e9 0c00 | 0000 48b8 | 7048 f33c | fe7f 0000 
  0x0000022a7475d100: ffd0 4883 | c420 49c7 | 8728 0400 | 0000 0000 | 0049 c787 | 3804 0000 | 0000 0000 | 49c7 8730 
  0x0000022a7475d120: 0400 0000 | 0000 00c5 | f877 4983 | 7f08 000f | 8405 0000 | 00e9 a640 | ffff 4c8b | 6dc0 4c8b 
  0x0000022a7475d140: 75c8 4e8d | 74f5 00c3 | 488b 5de8 | 488b 4358 | 498d 8f48 | 0400 004c | 8d15 d500 | 0000 4d89 
  0x0000022a7475d160: 9730 0400 | 00c5 f877 | 4989 af38 | 0400 0049 | 89a7 2804 | 0000 41c7 | 87d4 0400 | 0004 0000 
  0x0000022a7475d180: 0049 3ba7 | c805 0000 | 7607 4989 | a7c8 0500 | 00ff d049 | 3ba7 c805 | 0000 720b | 49c7 87c8 
  0x0000022a7475d1a0: 0500 0000 | 0000 00c5 | f877 4883 | ec10 c5fb | 1104 2448 | 83ec 1048 | 8904 2448 | c744 2408 
  0x0000022a7475d1c0: 0000 0000 | 41c7 87d4 | 0400 0005 | 0000 00f0 | 8344 24c0 | 0049 3b6f | 280f 870e | 0000 0041 
  0x0000022a7475d1e0: 83bf d004 | 0000 000f | 8420 0000 | 0049 8bcf | 4c8b e448 | 83ec 2048 | 83e4 f048 | b8a0 acf4 
  0x0000022a7475d200: 3cfe 7f00 | 00ff d049 | 8be4 4d33 | e441 c787 | d404 0000 | 0800 0000 | 4d8b 97f0 | 0500 0049 
  0x0000022a7475d220: 83fa 0074 | 3549 c787 | f005 0000 | 0000 0000 | 41ff e249 | ba60 be75 | 742a 0200 | 0041 ffd2 
  0x0000022a7475d240: 4883 ec10 | c5fb 1104 | 2448 83ec | 1048 8904 | 2448 c744 | 2408 0000 | 0000 49c7 | 8728 0400 
  0x0000022a7475d260: 0000 0000 | 0049 c787 | 3804 0000 | 0000 0000 | 49c7 8730 | 0400 0000 | 0000 00c5 | f877 4d8b 
  0x0000022a7475d280: 9fb8 0400 | 0041 c783 | 0001 0000 | 0000 0000 | 49bb 5aa7 | 7574 2a02 | 0000 4c3b | 5d18 0f85 
  0x0000022a7475d2a0: 5501 0000 | 488b 0424 | 4883 c410 | 4885 c00f | 842f 0100 | 00a8 030f | 8508 0000 | 0048 8b00 
  0x0000022a7475d2c0: e91f 0100 | 00a8 010f | 8509 0000 | 0048 8b40 | fee9 0e01 | 0000 488b | 40ff 4180 | 7f48 000f 
  0x0000022a7475d2e0: 84ff 0000 | 0048 83f8 | 000f 84f5 | 0000 004d | 8b5f 384d | 85db 0f84 | 1400 0000 | 4983 eb08 
  0x0000022a7475d300: 4d89 5f38 | 4d03 5f40 | 4989 03e9 | d400 0000 | 4883 ec70 | 4889 0424 | 4889 4c24 | 0848 8954 
  0x0000022a7475d320: 2410 4c89 | 4424 184c | 894c 2420 | 4c89 5424 | 284c 895c | 2430 c5fb | 1144 2440 | c5fb 114c 
  0x0000022a7475d340: 2448 c5fb | 1154 2450 | c5fb 115c | 2458 c5fb | 1164 2460 | c5fb 116c | 2468 498b | d748 8bc8 
  0x0000022a7475d360: 4883 ec20 | 40f6 c40f | 0f84 1900 | 0000 4883 | ec08 48b8 | 2076 e73c | fe7f 0000 | ffd0 4883 
  0x0000022a7475d380: c408 e90c | 0000 0048 | b820 76e7 | 3cfe 7f00 | 00ff d048 | 83c4 20c5 | fb10 6c24 | 68c5 fb10 
  0x0000022a7475d3a0: 6424 60c5 | fb10 5c24 | 58c5 fb10 | 5424 50c5 | fb10 4c24 | 48c5 fb10 | 4424 404c | 8b5c 2430 
  0x0000022a7475d3c0: 4c8b 5424 | 284c 8b4c | 2420 4c8b | 4424 1848 | 8b54 2410 | 488b 4c24 | 0848 8b04 | 2448 83c4 
  0x0000022a7475d3e0: 70c5 f877 | 4889 4510 | 4883 ec10 | 4889 0424 | 48c7 4424 | 0800 0000 | 0041 83bf | 5005 0000 
  0x0000022a7475d400: 020f 85bf | 0000 0048 | 81ec 8000 | 0000 4889 | 4424 7848 | 894c 2470 | 4889 5424 | 6848 895c 
  0x0000022a7475d420: 2460 4889 | 6c24 5048 | 8974 2448 | 4889 7c24 | 404c 8944 | 2438 4c89 | 4c24 304c | 8954 2428 
  0x0000022a7475d440: 4c89 5c24 | 204c 8964 | 2418 4c89 | 6c24 104c | 8974 2408 | 4c89 3c24 | 4c8b e448 | 83ec 2048 
  0x0000022a7475d460: 83e4 f048 | b810 f72d | 3dfe 7f00 | 00ff d049 | 8be4 4c8b | 3c24 4c8b | 7424 084c | 8b6c 2410 
  0x0000022a7475d480: 4c8b 6424 | 184c 8b5c | 2420 4c8b | 5424 284c | 8b4c 2430 | 4c8b 4424 | 3848 8b7c | 2440 488b 
  0x0000022a7475d4a0: 7424 4848 | 8b6c 2450 | 488b 5c24 | 6048 8b54 | 2468 488b | 4c24 7048 | 8b44 2478 | 4881 c480 
  0x0000022a7475d4c0: 0000 004d | 33e4 488b | 5de8 4c8b | 6b08 4d8d | 6d38 4983 | 7f08 000f | 84bb 0000 | 00e8 0500 
  0x0000022a7475d4e0: 0000 e996 | 0000 0048 | 8d44 2408 | 4c89 6dc0 | 498b cfc5 | f877 4989 | af38 0400 | 0049 8987 
  0x0000022a7475d500: 2804 0000 | 4883 ec20 | 40f6 c40f | 0f84 1900 | 0000 4883 | ec08 48b8 | b066 f33c | fe7f 0000 
  0x0000022a7475d520: ffd0 4883 | c408 e90c | 0000 0048 | b8b0 66f3 | 3cfe 7f00 | 00ff d048 | 83c4 2049 | c787 2804 
  0x0000022a7475d540: 0000 0000 | 0000 49c7 | 8738 0400 | 0000 0000 | 0049 c787 | 3004 0000 | 0000 0000 | c5f8 7749 
  0x0000022a7475d560: 837f 0800 | 0f84 0500 | 0000 e971 | 3cff ff4c | 8b6d c04c | 8b75 c84e | 8d74 f500 | c348 b928 
  0x0000022a7475d580: 0857 3dfe | 7f00 0048 | 83e4 f048 | b800 8d1a | 3dfe 7f00 | 00ff d0f4 | 440f b75b | 2c41 f6c3 
  0x0000022a7475d5a0: 200f 8472 | 0100 0048 | 8d55 a84c | 8b5a 084d | 85db 0f85 | bb00 0000 | e805 0000 | 00e9 9600 
  0x0000022a7475d5c0: 0000 488d | 4424 084c | 896d c049 | 8bcf c5f8 | 7749 89af | 3804 0000 | 4989 8728 | 0400 0048 
  0x0000022a7475d5e0: 83ec 2040 | f6c4 0f0f | 8419 0000 | 0048 83ec | 0848 b8e0 | 65f3 3cfe | 7f00 00ff | d048 83c4 
  0x0000022a7475d600: 08e9 0c00 | 0000 48b8 | e065 f33c | fe7f 0000 | ffd0 4883 | c420 49c7 | 8728 0400 | 0000 0000 
  0x0000022a7475d620: 0049 c787 | 3804 0000 | 0000 0000 | 49c7 8730 | 0400 0000 | 0000 00c5 | f877 4983 | 7f08 000f 
  0x0000022a7475d640: 8405 0000 | 00e9 963b | ffff 4c8b | 6dc0 4c8b | 75c8 4e8d | 74f5 00c3 | 48b9 2808 | 573d fe7f 
  0x0000022a7475d660: 0000 4883 | e4f0 48b8 | 008d 1a3d | fe7f 0000 | ffd0 f44c | 896d c04c | 8b4a 0848 | c742 0800 
  0x0000022a7475d680: 0000 0045 | 8b87 d806 | 0000 4f3b | 4c07 f80f | 8542 0000 | 0041 83af | d806 0000 | 084f 3b4c 
  0x0000022a7475d6a0: 07f0 0f84 | 2a00 0000 | 498b 01a8 | 020f 8512 | 0000 004c | 8bc0 4983 | c801 f04d | 0fb1 010f 
  0x0000022a7475d6c0: 840d 0000 | 0041 8387 | d806 0000 | 08e9 0500 | 0000 e93e | 0000 004c | 894a 0848 | 8bca 4883 
  0x0000022a7475d6e0: ec20 40f6 | c40f 0f84 | 1900 0000 | 4883 ec08 | 48b8 3038 | f33c fe7f | 0000 ffd0 | 4883 c408 
  0x0000022a7475d700: e90c 0000 | 0048 b830 | 38f3 3cfe | 7f00 00ff | d048 83c4 | 204c 8b6d | c041 c687 | 9603 0000 
  0x0000022a7475d720: 0149 3b6f | 280f 8705 | 0000 00e9 | ab00 0000 | 4883 ec10 | c5fb 1104 | 2448 83ec | 1048 8904 
  0x0000022a7475d740: 2448 c744 | 2408 0000 | 0000 c5f8 | 7749 89af | 3804 0000 | 49ba 4ad7 | 7574 2a02 | 0000 4d89 
  0x0000022a7475d760: 9730 0400 | 0049 89a7 | 2804 0000 | 498b cf48 | 83ec 2040 | f6c4 0f0f | 8419 0000 | 0048 83ec 
  0x0000022a7475d780: 0848 b8d0 | 1ef3 3cfe | 7f00 00ff | d048 83c4 | 08e9 0c00 | 0000 48b8 | d01e f33c | fe7f 0000 
  0x0000022a7475d7a0: ffd0 4883 | c420 49c7 | 8728 0400 | 0000 0000 | 0049 c787 | 3804 0000 | 0000 0000 | 49c7 8730 
  0x0000022a7475d7c0: 0400 0000 | 0000 00c5 | f877 488b | 0424 4883 | c410 c5fb | 1004 2448 | 83c4 1048 | 8b04 2448 
  0x0000022a7475d7e0: 83c4 10c5 | fb10 0424 | 4883 c410 | 4c8b 5d18 | 41ff d34c | 8b5d f8c9 | 41c6 8796 | 0300 0000 
  0x0000022a7475d800: 5f49 8be3 | ffe7 ba00 | 0000 00e8 | 0500 0000 | e996 0000 | 0048 8d44 | 2408 4c89 | 6dc0 498b 
  0x0000022a7475d820: cfc5 f877 | 4989 af38 | 0400 0049 | 8987 2804 | 0000 4883 | ec20 40f6 | c40f 0f84 | 1900 0000 
  0x0000022a7475d840: 4883 ec08 | 48b8 202e | f33c fe7f | 0000 ffd0 | 4883 c408 | e90c 0000 | 0048 b820 | 2ef3 3cfe 
  0x0000022a7475d860: 7f00 00ff | d048 83c4 | 2049 c787 | 2804 0000 | 0000 0000 | 49c7 8738 | 0400 0000 | 0000 0049 
  0x0000022a7475d880: c787 3004 | 0000 0000 | 0000 c5f8 | 7749 837f | 0800 0f84 | 0500 0000 | e943 39ff | ff4c 8b6d 
  0x0000022a7475d8a0: c04c 8b75 | c84e 8d74 | f500 c348 | 8b5d e8e9 | 74f6 ffff | 0f1f 4000 
[/MachCode]

---------------  P R O C E S S  ---------------

Threads class SMR info:
_java_thread_list=0x0000022a0da8a640, length=16, elements={
0x0000022a04583410, 0x0000022a04583e70, 0x0000022a045894c0, 0x0000022a0458ad80,
0x0000022a045968d0, 0x0000022a04598620, 0x0000022a045a4bf0, 0x0000022a045a9820,
0x0000022a0459bcd0, 0x0000022a045995c0, 0x0000022a0459cc70, 0x0000022a0459e3e0,
0x0000022a0459ebb0, 0x0000022a048150f0, 0x0000022a048187a0, 0x0000022a0dc07510
}

Java Threads: ( => current thread )
  0x0000022a04583410 JavaThread "Reference Handler"          daemon [_thread_blocked, id=28764, stack(0x0000005079e00000,0x0000005079f00000) (1024K)]
  0x0000022a04583e70 JavaThread "Finalizer"                  daemon [_thread_blocked, id=34832, stack(0x0000005079f00000,0x000000507a000000) (1024K)]
  0x0000022a045894c0 JavaThread "Signal Dispatcher"          daemon [_thread_blocked, id=27072, stack(0x000000507a000000,0x000000507a100000) (1024K)]
  0x0000022a0458ad80 JavaThread "Attach Listener"            daemon [_thread_blocked, id=13772, stack(0x000000507a100000,0x000000507a200000) (1024K)]
  0x0000022a045968d0 JavaThread "Service Thread"             daemon [_thread_blocked, id=25192, stack(0x000000507a200000,0x000000507a300000) (1024K)]
  0x0000022a04598620 JavaThread "Monitor Deflation Thread"   daemon [_thread_blocked, id=8304, stack(0x000000507a300000,0x000000507a400000) (1024K)]
  0x0000022a045a4bf0 JavaThread "C2 CompilerThread0"         daemon [_thread_blocked, id=5388, stack(0x000000507a400000,0x000000507a500000) (1024K)]
  0x0000022a045a9820 JavaThread "C1 CompilerThread0"         daemon [_thread_blocked, id=33324, stack(0x000000507a500000,0x000000507a600000) (1024K)]
  0x0000022a0459bcd0 JavaThread "Common-Cleaner"             daemon [_thread_blocked, id=12928, stack(0x000000507a600000,0x000000507a700000) (1024K)]
  0x0000022a045995c0 JavaThread "Monitor Ctrl-Break"         daemon [_thread_in_native, id=26588, stack(0x000000507a700000,0x000000507a800000) (1024K)]
  0x0000022a0459cc70 JavaThread "Notification Thread"        daemon [_thread_blocked, id=24128, stack(0x000000507a800000,0x000000507a900000) (1024K)]
  0x0000022a0459e3e0 JavaThread "Java2D Disposer"            daemon [_thread_blocked, id=27480, stack(0x000000507a900000,0x000000507aa00000) (1024K)]
  0x0000022a0459ebb0 JavaThread "AWT-Shutdown"                      [_thread_blocked, id=19100, stack(0x000000507aa00000,0x000000507ab00000) (1024K)]
  0x0000022a048150f0 JavaThread "AWT-Windows"                daemon [_thread_in_native, id=11492, stack(0x000000507ab00000,0x000000507ac00000) (1024K)]
=>0x0000022a048187a0 JavaThread "AWT-EventQueue-0"                  [_thread_in_native, id=7032, stack(0x000000507ae00000,0x000000507af00000) (1024K)]
  0x0000022a0dc07510 JavaThread "DestroyJavaVM"                     [_thread_blocked, id=15832, stack(0x0000005079600000,0x0000005079700000) (1024K)]
Total: 16

Other Threads:
  0x0000022a0456f110 VMThread "VM Thread"                           [id=31520, stack(0x0000005079d00000,0x0000005079e00000) (1024K)]
  0x0000022a04562ba0 WatcherThread "VM Periodic Task Thread"        [id=35448, stack(0x0000005079c00000,0x0000005079d00000) (1024K)]
  0x0000022a632725c0 WorkerThread "GC Thread#0"                     [id=33300, stack(0x0000005079700000,0x0000005079800000) (1024K)]
  0x0000022a6328be20 ConcurrentGCThread "G1 Main Marker"            [id=17904, stack(0x0000005079800000,0x0000005079900000) (1024K)]
  0x0000022a6328d160 WorkerThread "G1 Conc#0"                       [id=14932, stack(0x0000005079900000,0x0000005079a00000) (1024K)]
  0x0000022a0442c100 ConcurrentGCThread "G1 Refine#0"               [id=20644, stack(0x0000005079a00000,0x0000005079b00000) (1024K)]
  0x0000022a0442cc10 ConcurrentGCThread "G1 Service"                [id=20880, stack(0x0000005079b00000,0x0000005079c00000) (1024K)]
Total: 7

Threads with active compile tasks:
Total: 0

VM state: not at safepoint (normal execution)

VM Mutex/Monitor currently owned by a thread: None

Heap address: 0x0000000704e00000, size: 4018 MB, Compressed Oops mode: Zero based, Oop shift amount: 3

CDS archive(s) mapped at: [0x0000000080000000-0x0000000080dd0000-0x0000000080dd0000), size 14483456, SharedBaseAddress: 0x0000000080000000, ArchiveRelocationMode: 1.
Compressed class space mapped at: 0x0000000081000000-0x00000000c1000000, reserved size: 1073741824
UseCompressedClassPointers 1, UseCompactObjectHeaders 0
Narrow klass pointer bits 32, Max shift 3
Narrow klass base: 0x0000000080000000, Narrow klass shift: 0
Encoding Range: [0x0000000080000000 - 0x0000000180000000), (4294967296 bytes)
Klass Range:    [0x0000000080010000 - 0x00000000c1000000), (1090453504 bytes)
Klass ID Range:  [65536 - 1090519033) (1090453497)
Protection zone: [0x0000000080000000 - 0x0000000080010000), (65536 bytes)

GC Precious Log:
 CardTable entry size: 512
 Card Set container configuration: InlinePtr #cards 4 size 8 Array Of Cards #cards 16 size 48 Howl #buckets 8 coarsen threshold 3686 Howl Bitmap #cards 512 size 80 coarsen threshold 460 Card regions per heap region 1 cards per card region 4096
 CPUs: 8 total, 8 available
 Memory: 16068M
 Large Page Support: Disabled
 NUMA Support: Disabled
 Compressed Oops: Enabled (Zero based)
 Heap Region Size: 2M
 Heap Min Capacity: 8M
 Heap Initial Capacity: 252M
 Heap Max Capacity: 4018M
 Pre-touch: Disabled
 Parallel Workers: 8
 Concurrent Workers: 2
 Concurrent Refinement Workers: 8
 Periodic GC: Disabled

Heap:
 garbage-first heap   total reserved 4114432K, committed 260096K, used 9363K [0x0000000704e00000, 0x0000000800000000)
  region size 2048K, 5 young (10240K), 0 survivors (0K)

Heap Regions: E=young(eden), S=young(survivor), O=old, HS=humongous(starts), HC=humongous(continues), CS=collection set, F=free, TAMS=top-at-mark-start, PB=parsable bottom
|   0|0x0000000704e00000, 0x0000000704e00000, 0x0000000705000000|  0%| F|  |TAMS 0x0000000704e00000| PB 0x0000000704e00000| Untracked |  0
|   1|0x0000000705000000, 0x0000000705000000, 0x0000000705200000|  0%| F|  |TAMS 0x0000000705000000| PB 0x0000000705000000| Untracked |  0
|   2|0x0000000705200000, 0x0000000705200000, 0x0000000705400000|  0%| F|  |TAMS 0x0000000705200000| PB 0x0000000705200000| Untracked |  0
|   3|0x0000000705400000, 0x0000000705400000, 0x0000000705600000|  0%| F|  |TAMS 0x0000000705400000| PB 0x0000000705400000| Untracked |  0
|   4|0x0000000705600000, 0x0000000705600000, 0x0000000705800000|  0%| F|  |TAMS 0x0000000705600000| PB 0x0000000705600000| Untracked |  0
|   5|0x0000000705800000, 0x0000000705800000, 0x0000000705a00000|  0%| F|  |TAMS 0x0000000705800000| PB 0x0000000705800000| Untracked |  0
|   6|0x0000000705a00000, 0x0000000705a00000, 0x0000000705c00000|  0%| F|  |TAMS 0x0000000705a00000| PB 0x0000000705a00000| Untracked |  0
|   7|0x0000000705c00000, 0x0000000705c00000, 0x0000000705e00000|  0%| F|  |TAMS 0x0000000705c00000| PB 0x0000000705c00000| Untracked |  0
|   8|0x0000000705e00000, 0x0000000705e00000, 0x0000000706000000|  0%| F|  |TAMS 0x0000000705e00000| PB 0x0000000705e00000| Untracked |  0
|   9|0x0000000706000000, 0x0000000706000000, 0x0000000706200000|  0%| F|  |TAMS 0x0000000706000000| PB 0x0000000706000000| Untracked |  0
|  10|0x0000000706200000, 0x0000000706200000, 0x0000000706400000|  0%| F|  |TAMS 0x0000000706200000| PB 0x0000000706200000| Untracked |  0
|  11|0x0000000706400000, 0x0000000706400000, 0x0000000706600000|  0%| F|  |TAMS 0x0000000706400000| PB 0x0000000706400000| Untracked |  0
|  12|0x0000000706600000, 0x0000000706600000, 0x0000000706800000|  0%| F|  |TAMS 0x0000000706600000| PB 0x0000000706600000| Untracked |  0
|  13|0x0000000706800000, 0x0000000706800000, 0x0000000706a00000|  0%| F|  |TAMS 0x0000000706800000| PB 0x0000000706800000| Untracked |  0
|  14|0x0000000706a00000, 0x0000000706a00000, 0x0000000706c00000|  0%| F|  |TAMS 0x0000000706a00000| PB 0x0000000706a00000| Untracked |  0
|  15|0x0000000706c00000, 0x0000000706c00000, 0x0000000706e00000|  0%| F|  |TAMS 0x0000000706c00000| PB 0x0000000706c00000| Untracked |  0
|  16|0x0000000706e00000, 0x0000000706e00000, 0x0000000707000000|  0%| F|  |TAMS 0x0000000706e00000| PB 0x0000000706e00000| Untracked |  0
|  17|0x0000000707000000, 0x0000000707000000, 0x0000000707200000|  0%| F|  |TAMS 0x0000000707000000| PB 0x0000000707000000| Untracked |  0
|  18|0x0000000707200000, 0x0000000707200000, 0x0000000707400000|  0%| F|  |TAMS 0x0000000707200000| PB 0x0000000707200000| Untracked |  0
|  19|0x0000000707400000, 0x0000000707400000, 0x0000000707600000|  0%| F|  |TAMS 0x0000000707400000| PB 0x0000000707400000| Untracked |  0
|  20|0x0000000707600000, 0x0000000707600000, 0x0000000707800000|  0%| F|  |TAMS 0x0000000707600000| PB 0x0000000707600000| Untracked |  0
|  21|0x0000000707800000, 0x0000000707800000, 0x0000000707a00000|  0%| F|  |TAMS 0x0000000707800000| PB 0x0000000707800000| Untracked |  0
|  22|0x0000000707a00000, 0x0000000707a00000, 0x0000000707c00000|  0%| F|  |TAMS 0x0000000707a00000| PB 0x0000000707a00000| Untracked |  0
|  23|0x0000000707c00000, 0x0000000707c00000, 0x0000000707e00000|  0%| F|  |TAMS 0x0000000707c00000| PB 0x0000000707c00000| Untracked |  0
|  24|0x0000000707e00000, 0x0000000707e00000, 0x0000000708000000|  0%| F|  |TAMS 0x0000000707e00000| PB 0x0000000707e00000| Untracked |  0
|  25|0x0000000708000000, 0x0000000708000000, 0x0000000708200000|  0%| F|  |TAMS 0x0000000708000000| PB 0x0000000708000000| Untracked |  0
|  26|0x0000000708200000, 0x0000000708200000, 0x0000000708400000|  0%| F|  |TAMS 0x0000000708200000| PB 0x0000000708200000| Untracked |  0
|  27|0x0000000708400000, 0x0000000708400000, 0x0000000708600000|  0%| F|  |TAMS 0x0000000708400000| PB 0x0000000708400000| Untracked |  0
|  28|0x0000000708600000, 0x0000000708600000, 0x0000000708800000|  0%| F|  |TAMS 0x0000000708600000| PB 0x0000000708600000| Untracked |  0
|  29|0x0000000708800000, 0x0000000708800000, 0x0000000708a00000|  0%| F|  |TAMS 0x0000000708800000| PB 0x0000000708800000| Untracked |  0
|  30|0x0000000708a00000, 0x0000000708a00000, 0x0000000708c00000|  0%| F|  |TAMS 0x0000000708a00000| PB 0x0000000708a00000| Untracked |  0
|  31|0x0000000708c00000, 0x0000000708c00000, 0x0000000708e00000|  0%| F|  |TAMS 0x0000000708c00000| PB 0x0000000708c00000| Untracked |  0
|  32|0x0000000708e00000, 0x0000000708e00000, 0x0000000709000000|  0%| F|  |TAMS 0x0000000708e00000| PB 0x0000000708e00000| Untracked |  0
|  33|0x0000000709000000, 0x0000000709000000, 0x0000000709200000|  0%| F|  |TAMS 0x0000000709000000| PB 0x0000000709000000| Untracked |  0
|  34|0x0000000709200000, 0x0000000709200000, 0x0000000709400000|  0%| F|  |TAMS 0x0000000709200000| PB 0x0000000709200000| Untracked |  0
|  35|0x0000000709400000, 0x0000000709400000, 0x0000000709600000|  0%| F|  |TAMS 0x0000000709400000| PB 0x0000000709400000| Untracked |  0
|  36|0x0000000709600000, 0x0000000709600000, 0x0000000709800000|  0%| F|  |TAMS 0x0000000709600000| PB 0x0000000709600000| Untracked |  0
|  37|0x0000000709800000, 0x0000000709800000, 0x0000000709a00000|  0%| F|  |TAMS 0x0000000709800000| PB 0x0000000709800000| Untracked |  0
|  38|0x0000000709a00000, 0x0000000709a00000, 0x0000000709c00000|  0%| F|  |TAMS 0x0000000709a00000| PB 0x0000000709a00000| Untracked |  0
|  39|0x0000000709c00000, 0x0000000709c00000, 0x0000000709e00000|  0%| F|  |TAMS 0x0000000709c00000| PB 0x0000000709c00000| Untracked |  0
|  40|0x0000000709e00000, 0x0000000709e00000, 0x000000070a000000|  0%| F|  |TAMS 0x0000000709e00000| PB 0x0000000709e00000| Untracked |  0
|  41|0x000000070a000000, 0x000000070a000000, 0x000000070a200000|  0%| F|  |TAMS 0x000000070a000000| PB 0x000000070a000000| Untracked |  0
|  42|0x000000070a200000, 0x000000070a200000, 0x000000070a400000|  0%| F|  |TAMS 0x000000070a200000| PB 0x000000070a200000| Untracked |  0
|  43|0x000000070a400000, 0x000000070a400000, 0x000000070a600000|  0%| F|  |TAMS 0x000000070a400000| PB 0x000000070a400000| Untracked |  0
|  44|0x000000070a600000, 0x000000070a600000, 0x000000070a800000|  0%| F|  |TAMS 0x000000070a600000| PB 0x000000070a600000| Untracked |  0
|  45|0x000000070a800000, 0x000000070a800000, 0x000000070aa00000|  0%| F|  |TAMS 0x000000070a800000| PB 0x000000070a800000| Untracked |  0
|  46|0x000000070aa00000, 0x000000070aa00000, 0x000000070ac00000|  0%| F|  |TAMS 0x000000070aa00000| PB 0x000000070aa00000| Untracked |  0
|  47|0x000000070ac00000, 0x000000070ac00000, 0x000000070ae00000|  0%| F|  |TAMS 0x000000070ac00000| PB 0x000000070ac00000| Untracked |  0
|  48|0x000000070ae00000, 0x000000070ae00000, 0x000000070b000000|  0%| F|  |TAMS 0x000000070ae00000| PB 0x000000070ae00000| Untracked |  0
|  49|0x000000070b000000, 0x000000070b000000, 0x000000070b200000|  0%| F|  |TAMS 0x000000070b000000| PB 0x000000070b000000| Untracked |  0
|  50|0x000000070b200000, 0x000000070b200000, 0x000000070b400000|  0%| F|  |TAMS 0x000000070b200000| PB 0x000000070b200000| Untracked |  0
|  51|0x000000070b400000, 0x000000070b400000, 0x000000070b600000|  0%| F|  |TAMS 0x000000070b400000| PB 0x000000070b400000| Untracked |  0
|  52|0x000000070b600000, 0x000000070b600000, 0x000000070b800000|  0%| F|  |TAMS 0x000000070b600000| PB 0x000000070b600000| Untracked |  0
|  53|0x000000070b800000, 0x000000070b800000, 0x000000070ba00000|  0%| F|  |TAMS 0x000000070b800000| PB 0x000000070b800000| Untracked |  0
|  54|0x000000070ba00000, 0x000000070ba00000, 0x000000070bc00000|  0%| F|  |TAMS 0x000000070ba00000| PB 0x000000070ba00000| Untracked |  0
|  55|0x000000070bc00000, 0x000000070bc00000, 0x000000070be00000|  0%| F|  |TAMS 0x000000070bc00000| PB 0x000000070bc00000| Untracked |  0
|  56|0x000000070be00000, 0x000000070be00000, 0x000000070c000000|  0%| F|  |TAMS 0x000000070be00000| PB 0x000000070be00000| Untracked |  0
|  57|0x000000070c000000, 0x000000070c000000, 0x000000070c200000|  0%| F|  |TAMS 0x000000070c000000| PB 0x000000070c000000| Untracked |  0
|  58|0x000000070c200000, 0x000000070c200000, 0x000000070c400000|  0%| F|  |TAMS 0x000000070c200000| PB 0x000000070c200000| Untracked |  0
|  59|0x000000070c400000, 0x000000070c400000, 0x000000070c600000|  0%| F|  |TAMS 0x000000070c400000| PB 0x000000070c400000| Untracked |  0
|  60|0x000000070c600000, 0x000000070c600000, 0x000000070c800000|  0%| F|  |TAMS 0x000000070c600000| PB 0x000000070c600000| Untracked |  0
|  61|0x000000070c800000, 0x000000070c800000, 0x000000070ca00000|  0%| F|  |TAMS 0x000000070c800000| PB 0x000000070c800000| Untracked |  0
|  62|0x000000070ca00000, 0x000000070ca00000, 0x000000070cc00000|  0%| F|  |TAMS 0x000000070ca00000| PB 0x000000070ca00000| Untracked |  0
|  63|0x000000070cc00000, 0x000000070cc00000, 0x000000070ce00000|  0%| F|  |TAMS 0x000000070cc00000| PB 0x000000070cc00000| Untracked |  0
|  64|0x000000070ce00000, 0x000000070ce00000, 0x000000070d000000|  0%| F|  |TAMS 0x000000070ce00000| PB 0x000000070ce00000| Untracked |  0
|  65|0x000000070d000000, 0x000000070d000000, 0x000000070d200000|  0%| F|  |TAMS 0x000000070d000000| PB 0x000000070d000000| Untracked |  0
|  66|0x000000070d200000, 0x000000070d200000, 0x000000070d400000|  0%| F|  |TAMS 0x000000070d200000| PB 0x000000070d200000| Untracked |  0
|  67|0x000000070d400000, 0x000000070d400000, 0x000000070d600000|  0%| F|  |TAMS 0x000000070d400000| PB 0x000000070d400000| Untracked |  0
|  68|0x000000070d600000, 0x000000070d600000, 0x000000070d800000|  0%| F|  |TAMS 0x000000070d600000| PB 0x000000070d600000| Untracked |  0
|  69|0x000000070d800000, 0x000000070d800000, 0x000000070da00000|  0%| F|  |TAMS 0x000000070d800000| PB 0x000000070d800000| Untracked |  0
|  70|0x000000070da00000, 0x000000070da00000, 0x000000070dc00000|  0%| F|  |TAMS 0x000000070da00000| PB 0x000000070da00000| Untracked |  0
|  71|0x000000070dc00000, 0x000000070dc00000, 0x000000070de00000|  0%| F|  |TAMS 0x000000070dc00000| PB 0x000000070dc00000| Untracked |  0
|  72|0x000000070de00000, 0x000000070de00000, 0x000000070e000000|  0%| F|  |TAMS 0x000000070de00000| PB 0x000000070de00000| Untracked |  0
|  73|0x000000070e000000, 0x000000070e000000, 0x000000070e200000|  0%| F|  |TAMS 0x000000070e000000| PB 0x000000070e000000| Untracked |  0
|  74|0x000000070e200000, 0x000000070e200000, 0x000000070e400000|  0%| F|  |TAMS 0x000000070e200000| PB 0x000000070e200000| Untracked |  0
|  75|0x000000070e400000, 0x000000070e400000, 0x000000070e600000|  0%| F|  |TAMS 0x000000070e400000| PB 0x000000070e400000| Untracked |  0
|  76|0x000000070e600000, 0x000000070e600000, 0x000000070e800000|  0%| F|  |TAMS 0x000000070e600000| PB 0x000000070e600000| Untracked |  0
|  77|0x000000070e800000, 0x000000070e800000, 0x000000070ea00000|  0%| F|  |TAMS 0x000000070e800000| PB 0x000000070e800000| Untracked |  0
|  78|0x000000070ea00000, 0x000000070ea00000, 0x000000070ec00000|  0%| F|  |TAMS 0x000000070ea00000| PB 0x000000070ea00000| Untracked |  0
|  79|0x000000070ec00000, 0x000000070ec00000, 0x000000070ee00000|  0%| F|  |TAMS 0x000000070ec00000| PB 0x000000070ec00000| Untracked |  0
|  80|0x000000070ee00000, 0x000000070ee00000, 0x000000070f000000|  0%| F|  |TAMS 0x000000070ee00000| PB 0x000000070ee00000| Untracked |  0
|  81|0x000000070f000000, 0x000000070f000000, 0x000000070f200000|  0%| F|  |TAMS 0x000000070f000000| PB 0x000000070f000000| Untracked |  0
|  82|0x000000070f200000, 0x000000070f200000, 0x000000070f400000|  0%| F|  |TAMS 0x000000070f200000| PB 0x000000070f200000| Untracked |  0
|  83|0x000000070f400000, 0x000000070f400000, 0x000000070f600000|  0%| F|  |TAMS 0x000000070f400000| PB 0x000000070f400000| Untracked |  0
|  84|0x000000070f600000, 0x000000070f600000, 0x000000070f800000|  0%| F|  |TAMS 0x000000070f600000| PB 0x000000070f600000| Untracked |  0
|  85|0x000000070f800000, 0x000000070f800000, 0x000000070fa00000|  0%| F|  |TAMS 0x000000070f800000| PB 0x000000070f800000| Untracked |  0
|  86|0x000000070fa00000, 0x000000070fa00000, 0x000000070fc00000|  0%| F|  |TAMS 0x000000070fa00000| PB 0x000000070fa00000| Untracked |  0
|  87|0x000000070fc00000, 0x000000070fc00000, 0x000000070fe00000|  0%| F|  |TAMS 0x000000070fc00000| PB 0x000000070fc00000| Untracked |  0
|  88|0x000000070fe00000, 0x000000070fe00000, 0x0000000710000000|  0%| F|  |TAMS 0x000000070fe00000| PB 0x000000070fe00000| Untracked |  0
|  89|0x0000000710000000, 0x0000000710000000, 0x0000000710200000|  0%| F|  |TAMS 0x0000000710000000| PB 0x0000000710000000| Untracked |  0
|  90|0x0000000710200000, 0x0000000710200000, 0x0000000710400000|  0%| F|  |TAMS 0x0000000710200000| PB 0x0000000710200000| Untracked |  0
|  91|0x0000000710400000, 0x0000000710400000, 0x0000000710600000|  0%| F|  |TAMS 0x0000000710400000| PB 0x0000000710400000| Untracked |  0
|  92|0x0000000710600000, 0x0000000710600000, 0x0000000710800000|  0%| F|  |TAMS 0x0000000710600000| PB 0x0000000710600000| Untracked |  0
|  93|0x0000000710800000, 0x0000000710800000, 0x0000000710a00000|  0%| F|  |TAMS 0x0000000710800000| PB 0x0000000710800000| Untracked |  0
|  94|0x0000000710a00000, 0x0000000710a00000, 0x0000000710c00000|  0%| F|  |TAMS 0x0000000710a00000| PB 0x0000000710a00000| Untracked |  0
|  95|0x0000000710c00000, 0x0000000710c00000, 0x0000000710e00000|  0%| F|  |TAMS 0x0000000710c00000| PB 0x0000000710c00000| Untracked |  0
|  96|0x0000000710e00000, 0x0000000710e00000, 0x0000000711000000|  0%| F|  |TAMS 0x0000000710e00000| PB 0x0000000710e00000| Untracked |  0
|  97|0x0000000711000000, 0x0000000711000000, 0x0000000711200000|  0%| F|  |TAMS 0x0000000711000000| PB 0x0000000711000000| Untracked |  0
|  98|0x0000000711200000, 0x0000000711200000, 0x0000000711400000|  0%| F|  |TAMS 0x0000000711200000| PB 0x0000000711200000| Untracked |  0
|  99|0x0000000711400000, 0x0000000711400000, 0x0000000711600000|  0%| F|  |TAMS 0x0000000711400000| PB 0x0000000711400000| Untracked |  0
| 100|0x0000000711600000, 0x0000000711600000, 0x0000000711800000|  0%| F|  |TAMS 0x0000000711600000| PB 0x0000000711600000| Untracked |  0
| 101|0x0000000711800000, 0x0000000711800000, 0x0000000711a00000|  0%| F|  |TAMS 0x0000000711800000| PB 0x0000000711800000| Untracked |  0
| 102|0x0000000711a00000, 0x0000000711a00000, 0x0000000711c00000|  0%| F|  |TAMS 0x0000000711a00000| PB 0x0000000711a00000| Untracked |  0
| 103|0x0000000711c00000, 0x0000000711c00000, 0x0000000711e00000|  0%| F|  |TAMS 0x0000000711c00000| PB 0x0000000711c00000| Untracked |  0
| 104|0x0000000711e00000, 0x0000000711e00000, 0x0000000712000000|  0%| F|  |TAMS 0x0000000711e00000| PB 0x0000000711e00000| Untracked |  0
| 105|0x0000000712000000, 0x0000000712000000, 0x0000000712200000|  0%| F|  |TAMS 0x0000000712000000| PB 0x0000000712000000| Untracked |  0
| 106|0x0000000712200000, 0x0000000712200000, 0x0000000712400000|  0%| F|  |TAMS 0x0000000712200000| PB 0x0000000712200000| Untracked |  0
| 107|0x0000000712400000, 0x0000000712400000, 0x0000000712600000|  0%| F|  |TAMS 0x0000000712400000| PB 0x0000000712400000| Untracked |  0
| 108|0x0000000712600000, 0x0000000712600000, 0x0000000712800000|  0%| F|  |TAMS 0x0000000712600000| PB 0x0000000712600000| Untracked |  0
| 109|0x0000000712800000, 0x0000000712800000, 0x0000000712a00000|  0%| F|  |TAMS 0x0000000712800000| PB 0x0000000712800000| Untracked |  0
| 110|0x0000000712a00000, 0x0000000712a00000, 0x0000000712c00000|  0%| F|  |TAMS 0x0000000712a00000| PB 0x0000000712a00000| Untracked |  0
| 111|0x0000000712c00000, 0x0000000712c00000, 0x0000000712e00000|  0%| F|  |TAMS 0x0000000712c00000| PB 0x0000000712c00000| Untracked |  0
| 112|0x0000000712e00000, 0x0000000712e00000, 0x0000000713000000|  0%| F|  |TAMS 0x0000000712e00000| PB 0x0000000712e00000| Untracked |  0
| 113|0x0000000713000000, 0x0000000713000000, 0x0000000713200000|  0%| F|  |TAMS 0x0000000713000000| PB 0x0000000713000000| Untracked |  0
| 114|0x0000000713200000, 0x0000000713200000, 0x0000000713400000|  0%| F|  |TAMS 0x0000000713200000| PB 0x0000000713200000| Untracked |  0
| 115|0x0000000713400000, 0x0000000713400000, 0x0000000713600000|  0%| F|  |TAMS 0x0000000713400000| PB 0x0000000713400000| Untracked |  0
| 116|0x0000000713600000, 0x0000000713600000, 0x0000000713800000|  0%| F|  |TAMS 0x0000000713600000| PB 0x0000000713600000| Untracked |  0
| 117|0x0000000713800000, 0x0000000713800000, 0x0000000713a00000|  0%| F|  |TAMS 0x0000000713800000| PB 0x0000000713800000| Untracked |  0
| 118|0x0000000713a00000, 0x0000000713a00000, 0x0000000713c00000|  0%| F|  |TAMS 0x0000000713a00000| PB 0x0000000713a00000| Untracked |  0
| 119|0x0000000713c00000, 0x0000000713c00000, 0x0000000713e00000|  0%| F|  |TAMS 0x0000000713c00000| PB 0x0000000713c00000| Untracked |  0
| 120|0x0000000713e00000, 0x0000000713e00000, 0x0000000714000000|  0%| F|  |TAMS 0x0000000713e00000| PB 0x0000000713e00000| Untracked |  0
| 121|0x0000000714000000, 0x00000007141eb8f8, 0x0000000714200000| 96%| E|  |TAMS 0x0000000714000000| PB 0x0000000714000000| Complete |  0
| 122|0x0000000714200000, 0x0000000714400000, 0x0000000714400000|100%| E|CS|TAMS 0x0000000714200000| PB 0x0000000714200000| Complete |  0
| 123|0x0000000714400000, 0x0000000714600000, 0x0000000714600000|100%| E|CS|TAMS 0x0000000714400000| PB 0x0000000714400000| Complete |  0
| 124|0x0000000714600000, 0x0000000714800000, 0x0000000714800000|100%| E|CS|TAMS 0x0000000714600000| PB 0x0000000714600000| Complete |  0
| 125|0x0000000714800000, 0x0000000714a00000, 0x0000000714a00000|100%| E|CS|TAMS 0x0000000714800000| PB 0x0000000714800000| Complete |  0
|2008|0x00000007ffe00000, 0x00000007fff24ea8, 0x0000000800000000| 57%| O|  |TAMS 0x00000007ffe00000| PB 0x00000007ffe00000| Untracked |  0

Card table byte_map: [0x0000022a7d460000,0x0000022a7dc40000] _byte_map_base: 0x0000022a79c39000

Marking Bits: (CMBitMap*) 0x0000022a63272d50
 Bits: [0x0000022a00000000, 0x0000022a03ec8000)

Polling page: 0x0000022a62fa0000

Metaspace:
Metaspace        used 4093K, committed 4288K, reserved 1114112K
 class space     used 294K, committed 384K, reserved 1048576K

Usage:
  Non-class:      3.71 MB used.
      Class:    294.84 KB used.
       Both:      4.00 MB used.

Virtual space:
  Non-class space:       64.00 MB reserved,       3.81 MB (  6%) committed,  1 nodes.
      Class space:        1.00 GB reserved,     384.00 KB ( <1%) committed,  1 nodes.
             Both:        1.06 GB reserved,       4.19 MB ( <1%) committed. 

Chunk freelists:
   Non-Class:  11.92 MB
       Class:  15.59 MB
        Both:  27.52 MB

MaxMetaspaceSize: unlimited
CompressedClassSpaceSize: 1.00 GB
Initial GC threshold: 21.00 MB
Current GC threshold: 21.00 MB
CDS: on
 - commit_granule_bytes: 65536.
 - commit_granule_words: 8192.
 - virtual_space_node_default_size: 8388608.
 - enlarge_chunks_in_place: 1.
UseCompressedClassPointers 1, UseCompactObjectHeaders 0
Narrow klass pointer bits 32, Max shift 3
Narrow klass base: 0x0000000080000000, Narrow klass shift: 0
Encoding Range: [0x0000000080000000 - 0x0000000180000000), (4294967296 bytes)
Klass Range:    [0x0000000080010000 - 0x00000000c1000000), (1090453504 bytes)
Klass ID Range:  [65536 - 1090519033) (1090453497)
Protection zone: [0x0000000080000000 - 0x0000000080010000), (65536 bytes)


Internal statistics:

num_allocs_failed_limit: 0.
num_arena_births: 64.
num_arena_deaths: 0.
num_vsnodes_births: 2.
num_vsnodes_deaths: 0.
num_space_committed: 67.
num_space_uncommitted: 0.
num_chunks_returned_to_freelist: 0.
num_chunks_taken_from_freelist: 71.
num_chunk_merges: 0.
num_chunk_splits: 49.
num_chunks_enlarged: 30.
num_inconsistent_stats: 0.

CodeHeap 'non-profiled nmethods': size=120064Kb used=156Kb max_used=156Kb free=119907Kb
 bounds [0x0000022a74ce0000, 0x0000022a74f50000, 0x0000022a7c220000]
CodeHeap 'profiled nmethods': size=120000Kb used=637Kb max_used=637Kb free=119362Kb
 bounds [0x0000022a6d220000, 0x0000022a6d490000, 0x0000022a74750000]
CodeHeap 'non-nmethods': size=5696Kb used=1412Kb max_used=1429Kb free=4283Kb
 bounds [0x0000022a74750000, 0x0000022a749c0000, 0x0000022a74ce0000]
CodeCache: size=245760Kb, used=2205Kb, max_used=2222Kb, free=243552Kb
 total_blobs=1085, nmethods=541, adapters=448, full_count=0
Compilation: enabled, stopped_count=0, restarted_count=0

Compilation events (20 events):
Event: 10159.417 Thread 0x0000022a045a9820 nmethod 530 0x0000022a6d2bc388 code [0x0000022a6d2bc480, 0x0000022a6d2bca78]
Event: 10159.417 Thread 0x0000022a045a9820  533       3       java.lang.invoke.LambdaForm::parameter (38 bytes)
Event: 10159.417 Thread 0x0000022a045a9820 nmethod 533 0x0000022a6d2bca88 code [0x0000022a6d2bcb80, 0x0000022a6d2bccc8]
Event: 10159.417 Thread 0x0000022a045a9820  531       3       java.lang.invoke.MemberName$Factory::resolveOrFail (83 bytes)
Event: 10159.417 Thread 0x0000022a045a9820 nmethod 531 0x0000022a6d2bcd88 code [0x0000022a6d2bce80, 0x0000022a6d2bd6d8]
Event: 10159.417 Thread 0x0000022a045a9820  535       3       java.util.Arrays::equals (57 bytes)
Event: 10159.418 Thread 0x0000022a045a9820 nmethod 535 0x0000022a6d2bd708 code [0x0000022a6d2bd800, 0x0000022a6d2bdd40]
Event: 10159.418 Thread 0x0000022a045a9820  536       3       jdk.internal.classfile.impl.AbstractPoolEntry$AbstractNamedEntry::<init> (10 bytes)
Event: 10159.418 Thread 0x0000022a045a9820 nmethod 536 0x0000022a6d2bdd88 code [0x0000022a6d2bde80, 0x0000022a6d2bdfb0]
Event: 10159.418 Thread 0x0000022a045a9820  537       3       jdk.internal.classfile.impl.AbstractPoolEntry$AbstractRefEntry::<init> (24 bytes)
Event: 10159.418 Thread 0x0000022a045a9820 nmethod 537 0x0000022a6d2be088 code [0x0000022a6d2be180, 0x0000022a6d2be580]
Event: 10159.418 Thread 0x0000022a045a9820  534       3       java.lang.invoke.MethodTypeForm::cachedLambdaForm (23 bytes)
Event: 10159.418 Thread 0x0000022a045a9820 nmethod 534 0x0000022a6d2be588 code [0x0000022a6d2be680, 0x0000022a6d2be9a8]
Event: 10159.419 Thread 0x0000022a045a9820  538       3       sun.invoke.util.Wrapper::isSubwordOrInt (20 bytes)
Event: 10159.420 Thread 0x0000022a045a9820 nmethod 538 0x0000022a6d2bea08 code [0x0000022a6d2beb00, 0x0000022a6d2bf020]
Event: 10159.420 Thread 0x0000022a045a9820  539       3       sun.invoke.util.Wrapper::isIntegral (23 bytes)
Event: 10159.420 Thread 0x0000022a045a9820 nmethod 539 0x0000022a6d2bf088 code [0x0000022a6d2bf180, 0x0000022a6d2bf430]
Event: 10159.420 Thread 0x0000022a045a9820  540       3       sun.invoke.util.Wrapper::isNumeric (16 bytes)
Event: 10159.420 Thread 0x0000022a045a9820 nmethod 540 0x0000022a6d2bf488 code [0x0000022a6d2bf580, 0x0000022a6d2bf6d8]
Event: 10159.421 Thread 0x0000022a045a4bf0 nmethod 525 0x0000022a74d07088 code [0x0000022a74d07180, 0x0000022a74d07310]

GC Heap Usage History (0 events):
No events

Metaspace Usage History (0 events):
No events

Dll operation events (9 events):
Event: 0.015 Loaded shared library C:\Users\LENOVO LOQ\.jdks\openjdk-25.0.1\bin\java.dll
Event: 0.101 Loaded shared library C:\Users\LENOVO LOQ\.jdks\openjdk-25.0.1\bin\zip.dll
Event: 0.104 Loaded shared library C:\Users\LENOVO LOQ\.jdks\openjdk-25.0.1\bin\instrument.dll
Event: 0.110 Loaded shared library C:\Users\LENOVO LOQ\.jdks\openjdk-25.0.1\bin\net.dll
Event: 0.114 Loaded shared library C:\Users\LENOVO LOQ\.jdks\openjdk-25.0.1\bin\nio.dll
Event: 0.120 Loaded shared library C:\Users\LENOVO LOQ\.jdks\openjdk-25.0.1\bin\zip.dll
Event: 0.139 Loaded shared library C:\Users\LENOVO LOQ\.jdks\openjdk-25.0.1\bin\jimage.dll
Event: 0.149 Loaded shared library C:\Users\LENOVO LOQ\.jdks\openjdk-25.0.1\bin\extnet.dll
Event: 0.152 Loaded shared library C:\Users\LENOVO LOQ\.jdks\openjdk-25.0.1\bin\awt.dll

Deoptimization events (4 events):
Event: 17.302 Thread 0x0000022a048187a0 Uncommon trap: trap_request=0xffffff45 fr.pc=0x0000022a74ceda10 relative=0x0000000000000690
Event: 17.302 Thread 0x0000022a048187a0 Uncommon trap: reason=unstable_if action=reinterpret pc=0x0000022a74ceda10 method=java.util.HashMap.putVal(ILjava/lang/Object;Ljava/lang/Object;ZZ)Ljava/lang/Object; @ 69 c2
Event: 17.302 Thread 0x0000022a048187a0 DEOPT PACKING pc=0x0000022a74ceda10 sp=0x000000507aefe5e0
Event: 17.302 Thread 0x0000022a048187a0 DEOPT UNPACKING pc=0x0000022a7486fc82 sp=0x000000507aefe560 mode 2

Classes loaded (20 events):
Event: 10159.405 Loading class jdk/internal/foreign/layout/ValueLayouts$OfFloatImpl
Event: 10159.405 Loading class java/lang/foreign/ValueLayout$OfFloat
Event: 10159.406 Loading class java/lang/foreign/ValueLayout$OfFloat done
Event: 10159.406 Loading class jdk/internal/foreign/layout/ValueLayouts$OfFloatImpl done
Event: 10159.406 Loading class jdk/internal/foreign/layout/ValueLayouts$OfDoubleImpl
Event: 10159.406 Loading class java/lang/foreign/ValueLayout$OfDouble
Event: 10159.406 Loading class java/lang/foreign/ValueLayout$OfDouble done
Event: 10159.406 Loading class jdk/internal/foreign/layout/ValueLayouts$OfDoubleImpl done
Event: 10159.406 Loading class jdk/internal/foreign/LayoutPath
Event: 10159.407 Loading class jdk/internal/foreign/LayoutPath done
Event: 10159.407 Loading class java/lang/foreign/MemoryLayout$PathElement
Event: 10159.408 Loading class java/lang/foreign/MemoryLayout$PathElement done
Event: 10159.418 Loading class jdk/internal/foreign/Utils$1VarHandleCache
Event: 10159.418 Loading class jdk/internal/foreign/Utils$1VarHandleCache done
Event: 10159.419 Loading class java/lang/invoke/VarHandleSegmentAsInts
Event: 10159.419 Loading class java/lang/invoke/VarHandleSegmentAsInts done
Event: 10159.419 Loading class java/lang/invoke/VarHandleSegmentAsIntsAligned
Event: 10159.420 Loading class java/lang/invoke/VarHandleSegmentAsIntsAligned done
Event: 10159.420 Loading class java/lang/invoke/SegmentVarHandle
Event: 10159.420 Loading class java/lang/invoke/SegmentVarHandle done

Classes unloaded (0 events):
No events

Classes redefined (0 events):
No events

Internal exceptions (18 events):
Event: 0.121 Thread 0x0000022a6320a9a0 Exception <a 'java/lang/NoSuchMethodError'{0x0000000714735268}: 'void java.lang.invoke.DirectMethodHandle$Holder.invokeStatic(java.lang.Object, java.lang.Object, java.lang.Object)'> (0x0000000714735268) 
thrown [s\open\src\hotspot\share\interpreter\linkResolver.cpp, line 804]
Event: 0.129 Thread 0x0000022a6320a9a0 Exception <a 'java/lang/NoSuchMethodError'{0x000000071476a100}: 'java.lang.Object java.lang.invoke.Invokers$Holder.invokeExact_MT(java.lang.Object, java.lang.Object, java.lang.Object, java.lang.Object, java.lang.Object)'> (0x000000071476a100) 
thrown [s\open\src\hotspot\share\interpreter\linkResolver.cpp, line 804]
Event: 0.145 Thread 0x0000022a6320a9a0 Exception <a 'java/lang/ClassNotFoundException'{0x0000000714792170}: sun/awt/resources/spi/awtProvider> (0x0000000714792170) 
thrown [s\open\src\hotspot\share\classfile\systemDictionary.cpp, line 327]
Event: 0.147 Thread 0x0000022a045995c0 Exception <a 'java/lang/NoSuchMethodError'{0x00000007147f8e38}: 'java.lang.Object java.lang.invoke.DirectMethodHandle$Holder.invokeStaticInit(java.lang.Object)'> (0x00000007147f8e38) 
thrown [s\open\src\hotspot\share\interpreter\linkResolver.cpp, line 804]
Event: 0.151 Thread 0x0000022a045995c0 Exception <a 'java/lang/NoSuchMethodError'{0x0000000714403b50}: 'void java.lang.invoke.DirectMethodHandle$Holder.invokeStatic(java.lang.Object, java.lang.Object)'> (0x0000000714403b50) 
thrown [s\open\src\hotspot\share\interpreter\linkResolver.cpp, line 804]
Event: 0.155 Thread 0x0000022a6320a9a0 Exception <a 'java/io/FileNotFoundException'{0x00000007147b11a8}> (0x00000007147b11a8) 
thrown [s\open\src\hotspot\share\prims\jni.cpp, line 516]
Event: 0.157 Thread 0x0000022a6320a9a0 Exception <a 'java/io/FileNotFoundException'{0x00000007147c3b30}> (0x00000007147c3b30) 
thrown [s\open\src\hotspot\share\prims\jni.cpp, line 516]
Event: 0.355 Thread 0x0000022a6320a9a0 Exception <a 'java/lang/NoSuchMethodError'{0x0000000714521548}: 'long java.lang.invoke.DirectMethodHandle$Holder.invokeStatic(java.lang.Object, java.lang.Object)'> (0x0000000714521548) 
thrown [s\open\src\hotspot\share\interpreter\linkResolver.cpp, line 804]
Event: 0.356 Thread 0x0000022a6320a9a0 Exception <a 'java/lang/NoSuchMethodError'{0x00000007145295a0}: 'long java.lang.invoke.DirectMethodHandle$Holder.invokeStaticInit(java.lang.Object, java.lang.Object)'> (0x00000007145295a0) 
thrown [s\open\src\hotspot\share\interpreter\linkResolver.cpp, line 804]
Event: 0.357 Thread 0x0000022a6320a9a0 Exception <a 'java/lang/NoSuchMethodError'{0x0000000714531e50}: 'java.lang.Object java.lang.invoke.DirectMethodHandle$Holder.invokeStatic(java.lang.Object, long, java.lang.Object)'> (0x0000000714531e50) 
thrown [s\open\src\hotspot\share\interpreter\linkResolver.cpp, line 804]
Event: 0.357 Thread 0x0000022a6320a9a0 Exception <a 'java/lang/NoSuchMethodError'{0x0000000714539fa0}: 'java.lang.Object java.lang.invoke.DirectMethodHandle$Holder.invokeStaticInit(java.lang.Object, long, java.lang.Object)'> (0x0000000714539fa0) 
thrown [s\open\src\hotspot\share\interpreter\linkResolver.cpp, line 804]
Event: 0.358 Thread 0x0000022a6320a9a0 Exception <a 'java/lang/NoSuchMethodError'{0x00000007145427b0}: 'java.lang.Object java.lang.invoke.DirectMethodHandle$Holder.invokeStaticInit(java.lang.Object, long)'> (0x00000007145427b0) 
thrown [s\open\src\hotspot\share\interpreter\linkResolver.cpp, line 804]
Event: 0.464 Thread 0x0000022a6320a9a0 Exception <a 'java/lang/ClassNotFoundException'{0x0000000714550fc8}: sun/awt/windows/spi/awtLocalizationProvider> (0x0000000714550fc8) 
thrown [s\open\src\hotspot\share\classfile\systemDictionary.cpp, line 327]
Event: 0.466 Thread 0x0000022a6320a9a0 Exception <a 'java/lang/NoSuchMethodError'{0x000000071455b8e0}: 'int java.lang.invoke.DirectMethodHandle$Holder.invokeStatic(java.lang.Object)'> (0x000000071455b8e0) 
thrown [s\open\src\hotspot\share\interpreter\linkResolver.cpp, line 804]
Event: 10159.410 Thread 0x0000022a048187a0 Exception <a 'java/lang/NoSuchMethodError'{0x0000000714303928}: 'long java.lang.invoke.DirectMethodHandle$Holder.invokeStaticInit(java.lang.Object, long, long, long, long)'> (0x0000000714303928) 
thrown [s\open\src\hotspot\share\interpreter\linkResolver.cpp, line 804]
Event: 10159.411 Thread 0x0000022a048187a0 Exception <a 'java/lang/NoSuchMethodError'{0x000000071430c388}: 'java.lang.Object java.lang.invoke.DirectMethodHandle$Holder.invokeInterface(java.lang.Object, java.lang.Object, long, long)'> (0x000000071430c388) 
thrown [s\open\src\hotspot\share\interpreter\linkResolver.cpp, line 804]
Event: 10159.414 Thread 0x0000022a048187a0 Exception <a 'java/lang/NoSuchMethodError'{0x0000000714324d30}: 'void java.lang.invoke.DirectMethodHandle$Holder.invokeStaticInit(java.lang.Object, java.lang.Object, long, java.lang.Object)'> (0x0000000714324d30) 
thrown [s\open\src\hotspot\share\interpreter\linkResolver.cpp, line 804]
Event: 10159.415 Thread 0x0000022a048187a0 Exception <a 'java/lang/NoSuchMethodError'{0x000000071432d608}: 'long java.lang.invoke.DirectMethodHandle$Holder.invokeStatic(java.lang.Object, long, long)'> (0x000000071432d608) 
thrown [s\open\src\hotspot\share\interpreter\linkResolver.cpp, line 804]

VM Operations (6 events):
Event: 0.086 Executing non-safepoint VM operation: HandshakeAllThreads (Deoptimize)
Event: 0.086 Executing non-safepoint VM operation: HandshakeAllThreads (Deoptimize) done
Event: 60.071 Executing non-safepoint VM operation: HandshakeAllThreads (HandshakeForDeflation)
Event: 60.071 Executing non-safepoint VM operation: HandshakeAllThreads (HandshakeForDeflation) done
Event: 60.071 Executing non-safepoint VM operation: RendezvousGCThreads
Event: 60.071 Executing non-safepoint VM operation: RendezvousGCThreads done

Memory protections (0 events):
No events

Nmethod flushes (0 events):
No events

Events (20 events):
Event: 0.044 Thread 0x0000022a6320a9a0 Thread added: 0x0000022a04583e70
Event: 0.045 Thread 0x0000022a6320a9a0 Thread added: 0x0000022a045894c0
Event: 0.045 Thread 0x0000022a6320a9a0 Thread added: 0x0000022a0458ad80
Event: 0.045 Thread 0x0000022a6320a9a0 Thread added: 0x0000022a045968d0
Event: 0.045 Thread 0x0000022a6320a9a0 Thread added: 0x0000022a04598620
Event: 0.045 Thread 0x0000022a6320a9a0 Thread added: 0x0000022a045a4bf0
Event: 0.045 Thread 0x0000022a6320a9a0 Thread added: 0x0000022a045a9820
Event: 0.107 Thread 0x0000022a6320a9a0 Thread added: 0x0000022a0459bcd0
Event: 0.131 Thread 0x0000022a6320a9a0 Thread added: 0x0000022a045995c0
Event: 0.131 Thread 0x0000022a6320a9a0 Thread added: 0x0000022a0459cc70
Event: 0.201 Thread 0x0000022a6320a9a0 Thread added: 0x0000022a0459e3e0
Event: 0.202 Thread 0x0000022a6320a9a0 Thread added: 0x0000022a0459ebb0
Event: 0.203 Thread 0x0000022a6320a9a0 Thread added: 0x0000022a048150f0
Event: 0.466 Thread 0x0000022a6320a9a0 Thread added: 0x0000022a04817030
Event: 0.466 Thread 0x0000022a04817030 Thread exited: 0x0000022a04817030
Event: 0.468 Thread 0x0000022a6320a9a0 Thread added: 0x0000022a048187a0
Event: 17.313 Thread 0x0000022a045a9820 Thread added: 0x0000022a0dc40d40
Event: 17.322 Thread 0x0000022a6320a9a0 Thread exited: 0x0000022a6320a9a0
Event: 17.322 Thread 0x0000022a0dc07510 Thread added: 0x0000022a0dc07510
Event: 22.321 Thread 0x0000022a0dc40d40 Thread exited: 0x0000022a0dc40d40


Dynamic libraries:
0x00007ff62b020000 - 0x00007ff62b02e000 	C:\Users\LENOVO LOQ\.jdks\openjdk-25.0.1\bin\java.exe
0x00007ffec0800000 - 0x00007ffec0a67000 	C:\Windows\SYSTEM32\ntdll.dll
0x00007ffebfc60000 - 0x00007ffebfd29000 	C:\Windows\System32\KERNEL32.DLL
0x00007ffebe020000 - 0x00007ffebe40f000 	C:\Windows\System32\KERNELBASE.dll
0x00007ffebd950000 - 0x00007ffebda9b000 	C:\Windows\System32\ucrtbase.dll
0x00007ffeb9cc0000 - 0x00007ffeb9cd7000 	C:\Users\LENOVO LOQ\.jdks\openjdk-25.0.1\bin\jli.dll
0x00007ffeb9d10000 - 0x00007ffeb9d2e000 	C:\Users\LENOVO LOQ\.jdks\openjdk-25.0.1\bin\VCRUNTIME140.dll
0x00007ffebf780000 - 0x00007ffebf945000 	C:\Windows\System32\USER32.dll
0x00007ffebdbe0000 - 0x00007ffebdc07000 	C:\Windows\System32\win32u.dll
0x00007ffebea60000 - 0x00007ffebea8b000 	C:\Windows\System32\GDI32.dll
0x00007ffe84f90000 - 0x00007ffe85223000 	C:\Windows\WinSxS\amd64_microsoft.windows.common-controls_6595b64144ccf1df_6.0.26100.7309_none_3e05feeae336a044\COMCTL32.dll
0x00007ffebde30000 - 0x00007ffebdf5c000 	C:\Windows\System32\gdi32full.dll
0x00007ffec02b0000 - 0x00007ffec0359000 	C:\Windows\System32\msvcrt.dll
0x00007ffebdb30000 - 0x00007ffebdbd3000 	C:\Windows\System32\msvcp_win.dll
0x00007ffec0500000 - 0x00007ffec0531000 	C:\Windows\System32\IMM32.DLL
0x00007ffeb9cb0000 - 0x00007ffeb9cbc000 	C:\Users\LENOVO LOQ\.jdks\openjdk-25.0.1\bin\vcruntime140_1.dll
0x00007ffeb6480000 - 0x00007ffeb650d000 	C:\Users\LENOVO LOQ\.jdks\openjdk-25.0.1\bin\msvcp140.dll
0x00007ffe3cac0000 - 0x00007ffe3d91f000 	C:\Users\LENOVO LOQ\.jdks\openjdk-25.0.1\bin\server\jvm.dll
0x00007ffec0440000 - 0x00007ffec04f4000 	C:\Windows\System32\ADVAPI32.dll
0x00007ffebfd40000 - 0x00007ffebfde6000 	C:\Windows\System32\sechost.dll
0x00007ffebe5a0000 - 0x00007ffebe6b8000 	C:\Windows\System32\RPCRT4.dll
0x00007ffebef20000 - 0x00007ffebef94000 	C:\Windows\System32\WS2_32.dll
0x00007ffeb3f60000 - 0x00007ffeb3f6b000 	C:\Windows\SYSTEM32\VERSION.dll
0x00007ffebd600000 - 0x00007ffebd65e000 	C:\Windows\SYSTEM32\POWRPROF.dll
0x00007ffeb0b10000 - 0x00007ffeb0b45000 	C:\Windows\SYSTEM32\WINMM.dll
0x00007ffebd5e0000 - 0x00007ffebd5f4000 	C:\Windows\SYSTEM32\UMPDC.dll
0x00007ffebc700000 - 0x00007ffebc71b000 	C:\Windows\SYSTEM32\kernel.appcore.dll
0x00007ffeb9ca0000 - 0x00007ffeb9caa000 	C:\Users\LENOVO LOQ\.jdks\openjdk-25.0.1\bin\jimage.dll
0x00007ffebaf40000 - 0x00007ffebb182000 	C:\Windows\SYSTEM32\DBGHELP.DLL
0x00007ffebeb90000 - 0x00007ffebef15000 	C:\Windows\System32\combase.dll
0x00007ffec0360000 - 0x00007ffec0436000 	C:\Windows\System32\OLEAUT32.dll
0x00007ffeb0b50000 - 0x00007ffeb0b8c000 	C:\Windows\SYSTEM32\dbgcore.DLL
0x00007ffebdd80000 - 0x00007ffebde25000 	C:\Windows\System32\bcryptPrimitives.dll
0x00007ffeb6470000 - 0x00007ffeb6480000 	C:\Users\LENOVO LOQ\.jdks\openjdk-25.0.1\bin\instrument.dll
0x00007ffeb6450000 - 0x00007ffeb646f000 	C:\Users\LENOVO LOQ\.jdks\openjdk-25.0.1\bin\java.dll
0x00007ffec05c0000 - 0x00007ffec0757000 	C:\Windows\System32\ole32.dll
0x00007ffebf020000 - 0x00007ffebf773000 	C:\Windows\System32\SHELL32.dll
0x00007ffebdc10000 - 0x00007ffebdd7a000 	C:\Windows\System32\wintypes.dll
0x00007ffebb520000 - 0x00007ffebbd7e000 	C:\Windows\SYSTEM32\windows.storage.dll
0x00007ffebf950000 - 0x00007ffebfa45000 	C:\Windows\System32\SHCORE.dll
0x00007ffebe9f0000 - 0x00007ffebea56000 	C:\Windows\System32\shlwapi.dll
0x00007ffebd870000 - 0x00007ffebd899000 	C:\Windows\SYSTEM32\profapi.dll
0x00007ffeb6410000 - 0x00007ffeb6427000 	C:\Users\LENOVO LOQ\.jdks\openjdk-25.0.1\bin\zip.dll
0x00007ffeb6430000 - 0x00007ffeb6442000 	C:\Users\LENOVO LOQ\.jdks\openjdk-25.0.1\bin\net.dll
0x00007ffebcc70000 - 0x00007ffebccdb000 	C:\Windows\system32\mswsock.dll
0x00007ffeb63f0000 - 0x00007ffeb6406000 	C:\Users\LENOVO LOQ\.jdks\openjdk-25.0.1\bin\nio.dll
0x00007ffeb63e0000 - 0x00007ffeb63e9000 	C:\Users\LENOVO LOQ\.jdks\openjdk-25.0.1\bin\extnet.dll
0x00007ffeaaaa0000 - 0x00007ffeaac23000 	C:\Users\LENOVO LOQ\.jdks\openjdk-25.0.1\bin\awt.dll
0x00007ffeba4a0000 - 0x00007ffeba53f000 	C:\Windows\SYSTEM32\apphelp.dll
0x00007ffeba930000 - 0x00007ffeba960000 	C:\Windows\system32\DWMAPI.DLL
0x00007ffeba670000 - 0x00007ffeba71b000 	C:\Windows\system32\uxtheme.dll
0x00007ffe71740000 - 0x00007ffe71850000 	C:\Windows\system32\opengl32.dll
0x00007ffea3e90000 - 0x00007ffea3ebd000 	C:\Windows\SYSTEM32\GLU32.dll
0x00007ffeba8c0000 - 0x00007ffeba904000 	C:\Windows\SYSTEM32\dxcore.dll
0x00007ffea4f40000 - 0x00007ffea5073000 	C:\ProgramData\A-Volute\A-Volute.Nahimic\Modules\Scheduled\x64\AudioDevProps2.dll
0x00007ffebe880000 - 0x00007ffebe9de000 	C:\Windows\System32\MSCTF.dll
0x00007ffebcfa0000 - 0x00007ffebcfb3000 	C:\Windows\SYSTEM32\msasn1.dll
0x00007ffeb3e90000 - 0x00007ffeb3ecb000 	C:\Windows\SYSTEM32\cryptnet.dll
0x00007ffebe420000 - 0x00007ffebe597000 	C:\Windows\System32\CRYPT32.dll
0x00007ffebcf30000 - 0x00007ffebcf3c000 	C:\Windows\SYSTEM32\cryptbase.dll
0x00007ffebd010000 - 0x00007ffebd075000 	C:\Windows\SYSTEM32\wldp.dll
0x00007ffeb3d10000 - 0x00007ffeb3e8b000 	C:\Windows\SYSTEM32\drvstore.dll
0x00007ffebd500000 - 0x00007ffebd52d000 	C:\Windows\SYSTEM32\devobj.dll
0x00007ffebd530000 - 0x00007ffebd587000 	C:\Windows\SYSTEM32\cfgmgr32.dll
0x00007ffebdaa0000 - 0x00007ffebdb20000 	C:\Windows\System32\wintrust.dll
0x00007ffebfdf0000 - 0x00007ffebfe10000 	C:\Windows\System32\imagehlp.dll
0x00007ffebcf40000 - 0x00007ffebcf5b000 	C:\Windows\SYSTEM32\CRYPTSP.dll
0x00007ffebc660000 - 0x00007ffebc69a000 	C:\Windows\system32\rsaenh.dll
0x00007ffebd840000 - 0x00007ffebd86a000 	C:\Windows\SYSTEM32\bcrypt.dll
0x00007ffe45450000 - 0x00007ffe45720000 	C:\Windows\system32\nvspcap64.dll
0x00007ffebc820000 - 0x00007ffebc856000 	C:\Windows\SYSTEM32\ntmarta.dll
0x00007ffebcce0000 - 0x00007ffebcd12000 	C:\Windows\SYSTEM32\gpapi.dll
0x00007ffe60ae0000 - 0x00007ffe60c94000 	C:\Windows\System32\DriverStore\FileRepository\nvlt.inf_amd64_e1898fe4c7791571\nvppex.dll
0x00007ffebe6c0000 - 0x00007ffebe7b0000 	C:\Windows\System32\COMDLG32.dll
0x00007ffebe7c0000 - 0x00007ffebe870000 	C:\Windows\System32\clbcatq.dll
0x00007ffe7b4d0000 - 0x00007ffe7b618000 	C:\Windows\SYSTEM32\textinputframework.dll
0x00007ffeba1a0000 - 0x00007ffeba2c7000 	C:\Windows\SYSTEM32\CoreMessaging.dll
0x00007ffeb5ca0000 - 0x00007ffeb5f82000 	C:\Windows\SYSTEM32\CoreUIComponents.dll
0x00007ffeb4f00000 - 0x00007ffeb4f79000 	C:\Windows\system32\Oleacc.dll
0x00007ffea5ea0000 - 0x00007ffea5f40000 	C:\Program Files\Common Files\microsoft shared\ink\tiptsf.dll
0x00007ffeb6670000 - 0x00007ffeb667d000 	C:\Windows\SYSTEM32\atlthunk.dll
0x00007ffe795b0000 - 0x00007ffe79663000 	C:\Windows\SYSTEM32\TextShaping.dll
0x00007ffea57a0000 - 0x00007ffea5bc2000 	C:\Windows\SYSTEM32\UIAutomationCore.DLL
0x00007ffe6cb40000 - 0x00007ffe6cb69000 	C:\Windows\SYSTEM32\edputil.dll
0x00007ffe77a40000 - 0x00007ffe77b09000 	C:\Windows\System32\OneCoreCommonProxyStub.dll
0x00007ffea39c0000 - 0x00007ffea39db000 	C:\Windows\system32\NetworkExplorer.dll
0x00007ffeb7fe0000 - 0x00007ffeb80e3000 	C:\Windows\system32\PROPSYS.dll
0x00007ffeb8cc0000 - 0x00007ffeb8ef0000 	C:\Windows\SYSTEM32\WindowsCodecs.dll
0x00007ffe61e90000 - 0x00007ffe61edf000 	C:\Windows\System32\vaultcli.dll
0x00007ffe9f4d0000 - 0x00007ffe9f53f000 	C:\Windows\System32\thumbcache.dll
0x00007ffe66140000 - 0x00007ffe661fc000 	C:\Windows\System32\Windows.FileExplorer.Common.dll
0x00007ffeb66c0000 - 0x00007ffeb6767000 	C:\Windows\SYSTEM32\ntshrui.dll
0x00007ffeb2f00000 - 0x00007ffeb2f29000 	C:\Windows\SYSTEM32\srvcli.dll
0x00007ffe6ed30000 - 0x00007ffe6ed43000 	C:\Windows\SYSTEM32\cscapi.dll
0x00007ffe66380000 - 0x00007ffe66444000 	C:\Windows\System32\Windows.StateRepositoryPS.dll
0x00007ffe7b940000 - 0x00007ffe7b986000 	C:\Windows\SYSTEM32\windows.staterepositoryclient.dll
0x00007ffe82ca0000 - 0x00007ffe82d5d000 	C:\Windows\System32\StructuredQuery.dll
0x00007ffe816d0000 - 0x00007ffe8196e000 	C:\Windows\System32\icu.dll
0x00007ffeac510000 - 0x00007ffeacb5f000 	C:\Windows\System32\OneCoreUAPCommonProxyStub.dll
0x00007ffea9560000 - 0x00007ffea95be000 	C:\Windows\system32\ApplicationTargetedFeatureDatabase.dll
0x00007ffeb2bd0000 - 0x00007ffeb2e14000 	C:\Windows\System32\twinapi.appcore.dll
0x00007ffe65b50000 - 0x00007ffe65c84000 	C:\Windows\system32\Windows.Storage.Search.dll
0x00007ffea5740000 - 0x00007ffea579a000 	C:\Windows\system32\dataexchange.dll
0x00007ffe66200000 - 0x00007ffe6637a000 	C:\Windows\System32\Windows.System.Launcher.dll
0x00007ffe902f0000 - 0x00007ffe9030a000 	C:\Windows\SYSTEM32\windows.staterepositorycore.dll
0x00007ffeb3320000 - 0x00007ffeb3500000 	C:\Windows\System32\urlmon.dll
0x00007ffeb2f30000 - 0x00007ffeb31f5000 	C:\Windows\System32\iertutil.dll
0x00007ffebbf70000 - 0x00007ffebbf7d000 	C:\Windows\System32\netutils.dll
0x00007ffebc9a0000 - 0x00007ffebc9e9000 	C:\Windows\System32\SspiCli.dll
0x00007ffe703d0000 - 0x00007ffe70402000 	C:\Windows\System32\cldapi.dll
0x00007ffe99830000 - 0x00007ffe99af2000 	C:\Users\LENOVO LOQ\AppData\Local\Microsoft\OneDrive\25.222.1112.0002_1\FileSyncShell64.dll
0x00007ffeba450000 - 0x00007ffeba45d000 	C:\Windows\SYSTEM32\Secur32.dll
0x00007ffebcd20000 - 0x00007ffebcd4b000 	C:\Windows\SYSTEM32\USERENV.dll
0x00007ffeba470000 - 0x00007ffeba499000 	C:\Windows\SYSTEM32\WTSAPI32.dll
0x00007ffe84c90000 - 0x00007ffe84f18000 	C:\Windows\SYSTEM32\WININET.dll
0x00007ffe617b0000 - 0x00007ffe617e0000 	C:\Windows\system32\mssprxy.dll
0x00007ffe9b9c0000 - 0x00007ffe9b9f8000 	C:\Windows\System32\EhStorShell.dll
0x00007ffebfe20000 - 0x00007ffec02aa000 	C:\Windows\System32\SETUPAPI.dll
0x00007ffeb1260000 - 0x00007ffeb1281000 	C:\Windows\SYSTEM32\MPR.dll
0x00007ffeb8340000 - 0x00007ffeb8362000 	C:\Windows\System32\p9np.dll
0x00007ffe96810000 - 0x00007ffe9681d000 	C:\Windows\System32\drprov.dll
0x00007ffe96790000 - 0x00007ffe967b5000 	C:\Windows\System32\ntlanman.dll
0x00007ffe96760000 - 0x00007ffe96781000 	C:\Windows\System32\davclnt.dll
0x00007ffebd080000 - 0x00007ffebd0e4000 	C:\Windows\System32\WINSTA.dll
0x00007ffeb5500000 - 0x00007ffeb551b000 	C:\Windows\System32\wkscli.dll
0x00007ffea8630000 - 0x00007ffea8682000 	C:\Windows\System32\dlnashext.dll
0x00007ffeb3cb0000 - 0x00007ffeb3d0c000 	C:\Windows\System32\PlayToDevice.dll
0x00007ffe722e0000 - 0x00007ffe7230f000 	C:\Windows\System32\DevDispItemProvider.dll

JVMTI agents:
C:\Program Files\JetBrains\IntelliJ IDEA Community Edition 2025.2.4\lib\idea_rt.jar path:C:\Users\LENOVO LOQ\.jdks\openjdk-25.0.1\bin\instrument.dll, loaded, initialized, instrumentlib options:59085

dbghelp: loaded successfully - version: 4.0.5 - missing functions: none
symbol engine: initialized successfully - sym options: 0x614 - pdb path: .;C:\Users\LENOVO LOQ\.jdks\openjdk-25.0.1\bin;C:\Windows\SYSTEM32;C:\Windows\WinSxS\amd64_microsoft.windows.common-controls_6595b64144ccf1df_6.0.26100.7309_none_3e05feeae336a044;C:\Users\LENOVO LOQ\.jdks\openjdk-25.0.1\bin\server;C:\ProgramData\A-Volute\A-Volute.Nahimic\Modules\Scheduled\x64;C:\Windows\System32\DriverStore\FileRepository\nvlt.inf_amd64_e1898fe4c7791571;C:\Program Files\Common Files\microsoft shared\ink;C:\Users\LENOVO LOQ\AppData\Local\Microsoft\OneDrive\25.222.1112.0002_1;C:\Windows\WinSxS\amd64_microsoft.windows.gdiplus_6595b64144ccf1df_1.1.26100.7309_none_6ef0f1d03dc91a12

VM Arguments:
jvm_args: -javaagent:C:\Program Files\JetBrains\IntelliJ IDEA Community Edition 2025.2.4\lib\idea_rt.jar=59085 -Dfile.encoding=UTF-8 -Dsun.stdout.encoding=UTF-8 -Dsun.stderr.encoding=UTF-8 
java_command: FileExporter
java_class_path (initial): D:\KET THUC MON\out\production\KET THUC MON
Launcher Type: SUN_STANDARD

[Global flags]
     intx CICompilerCount                          = 4                                         {product} {ergonomic}
     uint ConcGCThreads                            = 2                                         {product} {ergonomic}
     uint G1ConcRefinementThreads                  = 8                                         {product} {ergonomic}
   size_t G1HeapRegionSize                         = 2097152                                   {product} {ergonomic}
   size_t InitialHeapSize                          = 264241152                                 {product} {ergonomic}
   size_t MarkStackSize                            = 4194304                                   {product} {ergonomic}
   size_t MarkStackSizeMax                         = 536870912                                 {product} {ergonomic}
   size_t MaxHeapSize                              = 4213178368                                {product} {ergonomic}
   size_t MaxNewSize                               = 2527068160                                {product} {ergonomic}
   size_t MinHeapDeltaBytes                        = 2097152                                   {product} {ergonomic}
   size_t MinHeapSize                              = 8388608                                   {product} {ergonomic}
    uintx NonNMethodCodeHeapSize                   = 5832704                                {pd product} {ergonomic}
    uintx NonProfiledCodeHeapSize                  = 122945536                              {pd product} {ergonomic}
    uintx ProfiledCodeHeapSize                     = 122880000                              {pd product} {ergonomic}
    uintx ReservedCodeCacheSize                    = 251658240                              {pd product} {ergonomic}
     bool SegmentedCodeCache                       = true                                      {product} {ergonomic}
   size_t SoftMaxHeapSize                          = 4213178368                             {manageable} {ergonomic}
     bool UseCompressedOops                        = true                           {product lp64_product} {ergonomic}
     bool UseG1GC                                  = true                                      {product} {ergonomic}
     bool UseLargePagesIndividualAllocation        = false                                  {pd product} {ergonomic}

Logging:
Log output configuration:
 #0: stdout all=warning uptime,level,tags foldmultilines=false
 #1: stderr all=off uptime,level,tags foldmultilines=false

Release file:
IMPLEMENTOR="Oracle Corporation" 
JAVA_RUNTIME_VERSION="25.0.1+8-27" 
JAVA_VERSION="25.0.1" 
JAVA_VERSION_DATE="2025-10-21" 
LIBC="default" 
MODULES="java.base java.compiler java.datatransfer java.xml java.prefs java.desktop java.instrument java.logging java.management java.security.sasl java.naming java.rmi java.management.rmi java.net.http java.scripting java.security.jgss java.transaction.xa java.sql java.sql.rowset java.xml.crypto java.se java.smartcardio jdk.accessibility jdk.internal.jvmstat jdk.attach jdk.charsets jdk.internal.opt jdk.zipfs jdk.compiler jdk.crypto.cryptoki jdk.crypto.ec jdk.crypto.mscapi jdk.dynalink jdk.internal.ed jdk.editpad jdk.internal.vm.ci jdk.graal.compiler jdk.graal.compiler.management jdk.hotspot.agent jdk.httpserver jdk.incubator.vector jdk.internal.le jdk.internal.md jdk.jartool jdk.javadoc jdk.jcmd jdk.management jdk.management.agent jdk.jconsole jdk.jdeps jdk.jdwp.agent jdk.jdi jdk.jfr jdk.jlink jdk.jpackage jdk.jshell jdk.jsobject jdk.jstatd jdk.localedata jdk.management.jfr jdk.naming.dns jdk.naming.rmi jdk.net jdk.nio.mapmode jdk.sctp jdk.security.auth jdk.security.jgss jdk.unsupported jdk.unsupported.desktop jdk.xml.dom" 
OS_ARCH="x86_64" 
OS_NAME="Windows" 
SOURCE=".:git:78770bfaefd2" 

Environment Variables:
PATH=C:\Windows\system32;C:\Windows;C:\Windows\System32\Wbem;C:\Windows\System32\WindowsPowerShell\v1.0\;C:\Windows\System32\OpenSSH\;C:\Program Files (x86)\NVIDIA Corporation\PhysX\Common;C:\Program Files\NVIDIA Corporation\NVIDIA NvDLISR;C:\Program Files\Microsoft SQL Server\Client SDK\ODBC\180\Tools\Binn\;C:\Program Files (x86)\Microsoft SQL Server\160\DTS\Binn\;C:\Program Files (x86)\Microsoft SQL Server\160\Tools\Binn\;C:\Program Files\Microsoft SQL Server\160\Tools\Binn\;C:\Program Files\Microsoft SQL Server\Client SDK\ODBC\170\Tools\Binn\;C:\Program Files\Microsoft SQL Server\160\DTS\Binn\;C:\Users\LENOVO LOQ\AppData\Local\Microsoft\WindowsApps;
USERNAME=LENOVO LOQ
OS=Windows_NT
PROCESSOR_IDENTIFIER=AMD64 Family 25 Model 68 Stepping 1, AuthenticAMD
TMP=C:\Users\LENOVO~1\AppData\Local\Temp
TEMP=C:\Users\LENOVO~1\AppData\Local\Temp




Compilation memory statistics disabled.

Periodic native trim disabled

---------------  S Y S T E M  ---------------

OS:
 Windows 11 , 64 bit Build 26100 (10.0.26100.7309)
OS uptime: 9 days 3:39 hours
Hyper-V role detected

CPU: total 8 (initial active 8) (8 cores per cpu, 2 threads per core) family 25 model 68 stepping 1 microcode 0xa40410a, cx8, cmov, fxsr, ht, mmx, 3dnowpref, sse, sse2, sse3, ssse3, sse4a, sse4.1, sse4.2, popcnt, lzcnt, tsc, tscinvbit, avx, avx2, aes, erms, clmul, bmi1, bmi2, adx, sha, fma, vzeroupper, clflush, clflushopt, clwb, hv, rdtscp, rdpid, fsrm, f16c, cet_ss
Processor Information for the first 8 processors :
  Max Mhz: 3201, Current Mhz: 3201, Mhz Limit: 3201

Memory: 4k page, system-wide physical 16068M (5483M free)
TotalPageFile size 26308M (AvailPageFile size 11489M)
current process WorkingSet (physical memory assigned to process): 59M, peak: 115M
current process commit charge ("private bytes"): 357M, peak: 382M

vm_info: OpenJDK 64-Bit Server VM (25.0.1+8-27) for windows-amd64 JRE (25.0.1+8-27), built on 2025-09-25T16:41:16Z with unknown MS VC++:1943

END.
